Archive member included to satisfy reference by file (symbol)

c:/st/stm32cubeide_1.2.0/stm32cubeide/plugins/com.st.stm32cube.ide.mcu.externaltools.gnu-tools-for-stm32.7-2018-q2-update.win32_1.0.0.201904181610/tools/bin/../lib/gcc/arm-none-eabi/7.3.1/../../../../arm-none-eabi/lib/thumb/v7e-m/fpv4-sp/hard\libc_nano.a(lib_a-errno.o)
                              Core/Src/syscalls.o (__errno)
c:/st/stm32cubeide_1.2.0/stm32cubeide/plugins/com.st.stm32cube.ide.mcu.externaltools.gnu-tools-for-stm32.7-2018-q2-update.win32_1.0.0.201904181610/tools/bin/../lib/gcc/arm-none-eabi/7.3.1/../../../../arm-none-eabi/lib/thumb/v7e-m/fpv4-sp/hard\libc_nano.a(lib_a-exit.o)
                              c:/st/stm32cubeide_1.2.0/stm32cubeide/plugins/com.st.stm32cube.ide.mcu.externaltools.gnu-tools-for-stm32.7-2018-q2-update.win32_1.0.0.201904181610/tools/bin/../lib/gcc/arm-none-eabi/7.3.1/../../../../arm-none-eabi/lib/thumb/v7e-m/fpv4-sp/hard/crt0.o (exit)
c:/st/stm32cubeide_1.2.0/stm32cubeide/plugins/com.st.stm32cube.ide.mcu.externaltools.gnu-tools-for-stm32.7-2018-q2-update.win32_1.0.0.201904181610/tools/bin/../lib/gcc/arm-none-eabi/7.3.1/../../../../arm-none-eabi/lib/thumb/v7e-m/fpv4-sp/hard\libc_nano.a(lib_a-impure.o)
                              c:/st/stm32cubeide_1.2.0/stm32cubeide/plugins/com.st.stm32cube.ide.mcu.externaltools.gnu-tools-for-stm32.7-2018-q2-update.win32_1.0.0.201904181610/tools/bin/../lib/gcc/arm-none-eabi/7.3.1/../../../../arm-none-eabi/lib/thumb/v7e-m/fpv4-sp/hard\libc_nano.a(lib_a-exit.o) (_global_impure_ptr)
c:/st/stm32cubeide_1.2.0/stm32cubeide/plugins/com.st.stm32cube.ide.mcu.externaltools.gnu-tools-for-stm32.7-2018-q2-update.win32_1.0.0.201904181610/tools/bin/../lib/gcc/arm-none-eabi/7.3.1/../../../../arm-none-eabi/lib/thumb/v7e-m/fpv4-sp/hard\libc_nano.a(lib_a-init.o)
                              c:/st/stm32cubeide_1.2.0/stm32cubeide/plugins/com.st.stm32cube.ide.mcu.externaltools.gnu-tools-for-stm32.7-2018-q2-update.win32_1.0.0.201904181610/tools/bin/../lib/gcc/arm-none-eabi/7.3.1/../../../../arm-none-eabi/lib/thumb/v7e-m/fpv4-sp/hard/crt0.o (__libc_init_array)
c:/st/stm32cubeide_1.2.0/stm32cubeide/plugins/com.st.stm32cube.ide.mcu.externaltools.gnu-tools-for-stm32.7-2018-q2-update.win32_1.0.0.201904181610/tools/bin/../lib/gcc/arm-none-eabi/7.3.1/../../../../arm-none-eabi/lib/thumb/v7e-m/fpv4-sp/hard\libc_nano.a(lib_a-memset.o)
                              c:/st/stm32cubeide_1.2.0/stm32cubeide/plugins/com.st.stm32cube.ide.mcu.externaltools.gnu-tools-for-stm32.7-2018-q2-update.win32_1.0.0.201904181610/tools/bin/../lib/gcc/arm-none-eabi/7.3.1/../../../../arm-none-eabi/lib/thumb/v7e-m/fpv4-sp/hard/crt0.o (memset)
c:/st/stm32cubeide_1.2.0/stm32cubeide/plugins/com.st.stm32cube.ide.mcu.externaltools.gnu-tools-for-stm32.7-2018-q2-update.win32_1.0.0.201904181610/tools/bin/../lib/gcc/arm-none-eabi/7.3.1/../../../../arm-none-eabi/lib/thumb/v7e-m/fpv4-sp/hard\libm.a(lib_a-sf_sin.o)
                              Core/Src/sinewave.o (sinf)
c:/st/stm32cubeide_1.2.0/stm32cubeide/plugins/com.st.stm32cube.ide.mcu.externaltools.gnu-tools-for-stm32.7-2018-q2-update.win32_1.0.0.201904181610/tools/bin/../lib/gcc/arm-none-eabi/7.3.1/../../../../arm-none-eabi/lib/thumb/v7e-m/fpv4-sp/hard\libm.a(lib_a-ef_rem_pio2.o)
                              c:/st/stm32cubeide_1.2.0/stm32cubeide/plugins/com.st.stm32cube.ide.mcu.externaltools.gnu-tools-for-stm32.7-2018-q2-update.win32_1.0.0.201904181610/tools/bin/../lib/gcc/arm-none-eabi/7.3.1/../../../../arm-none-eabi/lib/thumb/v7e-m/fpv4-sp/hard\libm.a(lib_a-sf_sin.o) (__ieee754_rem_pio2f)
c:/st/stm32cubeide_1.2.0/stm32cubeide/plugins/com.st.stm32cube.ide.mcu.externaltools.gnu-tools-for-stm32.7-2018-q2-update.win32_1.0.0.201904181610/tools/bin/../lib/gcc/arm-none-eabi/7.3.1/../../../../arm-none-eabi/lib/thumb/v7e-m/fpv4-sp/hard\libm.a(lib_a-kf_cos.o)
                              c:/st/stm32cubeide_1.2.0/stm32cubeide/plugins/com.st.stm32cube.ide.mcu.externaltools.gnu-tools-for-stm32.7-2018-q2-update.win32_1.0.0.201904181610/tools/bin/../lib/gcc/arm-none-eabi/7.3.1/../../../../arm-none-eabi/lib/thumb/v7e-m/fpv4-sp/hard\libm.a(lib_a-sf_sin.o) (__kernel_cosf)
c:/st/stm32cubeide_1.2.0/stm32cubeide/plugins/com.st.stm32cube.ide.mcu.externaltools.gnu-tools-for-stm32.7-2018-q2-update.win32_1.0.0.201904181610/tools/bin/../lib/gcc/arm-none-eabi/7.3.1/../../../../arm-none-eabi/lib/thumb/v7e-m/fpv4-sp/hard\libm.a(lib_a-kf_rem_pio2.o)
                              c:/st/stm32cubeide_1.2.0/stm32cubeide/plugins/com.st.stm32cube.ide.mcu.externaltools.gnu-tools-for-stm32.7-2018-q2-update.win32_1.0.0.201904181610/tools/bin/../lib/gcc/arm-none-eabi/7.3.1/../../../../arm-none-eabi/lib/thumb/v7e-m/fpv4-sp/hard\libm.a(lib_a-ef_rem_pio2.o) (__kernel_rem_pio2f)
[...]
Memory Configuration

Name             Origin             Length             Attributes
RAM              0x0000000020000000 0x0000000000020000 xrw
FLASH            0x0000000008000000 0x0000000000080000 xr
*default*        0x0000000000000000 0xffffffffffffffff

Linker script and memory map

LOAD c:/st/stm32cubeide_1.2.0/stm32cubeide/plugins/com.st.stm32cube.ide.mcu.externaltools.gnu-tools-for-stm32.7-2018-q2-update.win32_1.0.0.201904181610/tools/bin/../lib/gcc/arm-none-eabi/7.3.1/thumb/v7e-m/fpv4-sp/hard/crti.o
LOAD c:/st/stm32cubeide_1.2.0/stm32cubeide/plugins/com.st.stm32cube.ide.mcu.externaltools.gnu-tools-for-stm32.7-2018-q2-update.win32_1.0.0.201904181610/tools/bin/../lib/gcc/arm-none-eabi/7.3.1/thumb/v7e-m/fpv4-sp/hard/crtbegin.o
LOAD c:/st/stm32cubeide_1.2.0/stm32cubeide/plugins/com.st.stm32cube.ide.mcu.externaltools.gnu-tools-for-stm32.7-2018-q2-update.win32_1.0.0.201904181610/tools/bin/../lib/gcc/arm-none-eabi/7.3.1/../../../../arm-none-eabi/lib/thumb/v7e-m/fpv4-sp/hard/crt0.o
LOAD Core/Src/main.o
LOAD Core/Src/recording.o
LOAD Core/Src/sd.o
LOAD Core/Src/sinewave.o
LOAD Core/Src/stm32f4xx_hal_msp.o
LOAD Core/Src/stm32f4xx_it.o
LOAD Core/Src/syscalls.o
LOAD Core/Src/sysmem.o
LOAD Core/Src/system_stm32f4xx.o
LOAD Core/Startup/startup_stm32f446retx.o
LOAD Drivers/STM32F4xx_HAL_Driver/Src/stm32f4xx_hal.o
LOAD Drivers/STM32F4xx_HAL_Driver/Src/stm32f4xx_hal_adc.o
LOAD Drivers/STM32F4xx_HAL_Driver/Src/stm32f4xx_hal_adc_ex.o
LOAD Drivers/STM32F4xx_HAL_Driver/Src/stm32f4xx_hal_cortex.o
LOAD Drivers/STM32F4xx_HAL_Driver/Src/stm32f4xx_hal_dac.o
LOAD Drivers/STM32F4xx_HAL_Driver/Src/stm32f4xx_hal_dac_ex.o
LOAD Drivers/STM32F4xx_HAL_Driver/Src/stm32f4xx_hal_dma.o
LOAD Drivers/STM32F4xx_HAL_Driver/Src/stm32f4xx_hal_dma_ex.o
LOAD Drivers/STM32F4xx_HAL_Driver/Src/stm32f4xx_hal_exti.o
LOAD Drivers/STM32F4xx_HAL_Driver/Src/stm32f4xx_hal_flash.o
LOAD Drivers/STM32F4xx_HAL_Driver/Src/stm32f4xx_hal_flash_ex.o
LOAD Drivers/STM32F4xx_HAL_Driver/Src/stm32f4xx_hal_flash_ramfunc.o
LOAD Drivers/STM32F4xx_HAL_Driver/Src/stm32f4xx_hal_gpio.o
LOAD Drivers/STM32F4xx_HAL_Driver/Src/stm32f4xx_hal_pwr.o
LOAD Drivers/STM32F4xx_HAL_Driver/Src/stm32f4xx_hal_pwr_ex.o
LOAD Drivers/STM32F4xx_HAL_Driver/Src/stm32f4xx_hal_rcc.o
LOAD Drivers/STM32F4xx_HAL_Driver/Src/stm32f4xx_hal_rcc_ex.o
LOAD Drivers/STM32F4xx_HAL_Driver/Src/stm32f4xx_hal_spi.o
LOAD Drivers/STM32F4xx_HAL_Driver/Src/stm32f4xx_hal_tim.o
LOAD Drivers/STM32F4xx_HAL_Driver/Src/stm32f4xx_hal_tim_ex.o
LOAD Drivers/STM32F4xx_HAL_Driver/Src/stm32f4xx_hal_uart.o
LOAD FATFS/App/fatfs.o
LOAD FATFS/Target/user_diskio.o
LOAD Middlewares/Third_Party/FatFs/src/diskio.o
LOAD Middlewares/Third_Party/FatFs/src/ff.o
LOAD Middlewares/Third_Party/FatFs/src/ff_gen_drv.o
LOAD Middlewares/Third_Party/FatFs/src/option/syscall.o
START GROUP
LOAD c:/st/stm32cubeide_1.2.0/stm32cubeide/plugins/com.st.stm32cube.ide.mcu.externaltools.gnu-tools-for-stm32.7-2018-q2-update.win32_1.0.0.201904181610/tools/bin/../lib/gcc/arm-none-eabi/7.3.1/../../../../arm-none-eabi/lib/thumb/v7e-m/fpv4-sp/hard\libc_nano.a
LOAD c:/st/stm32cubeide_1.2.0/stm32cubeide/plugins/com.st.stm32cube.ide.mcu.externaltools.gnu-tools-for-stm32.7-2018-q2-update.win32_1.0.0.201904181610/tools/bin/../lib/gcc/arm-none-eabi/7.3.1/../../../../arm-none-eabi/lib/thumb/v7e-m/fpv4-sp/hard\libm.a
END GROUP
START GROUP
LOAD c:/st/stm32cubeide_1.2.0/stm32cubeide/plugins/com.st.stm32cube.ide.mcu.externaltools.gnu-tools-for-stm32.7-2018-q2-update.win32_1.0.0.201904181610/tools/bin/../lib/gcc/arm-none-eabi/7.3.1/thumb/v7e-m/fpv4-sp/hard\libgcc.a
LOAD c:/st/stm32cubeide_1.2.0/stm32cubeide/plugins/com.st.stm32cube.ide.mcu.externaltools.gnu-tools-for-stm32.7-2018-q2-update.win32_1.0.0.201904181610/tools/bin/../lib/gcc/arm-none-eabi/7.3.1/../../../../arm-none-eabi/lib/thumb/v7e-m/fpv4-sp/hard\libc_nano.a
END GROUP
START GROUP
LOAD c:/st/stm32cubeide_1.2.0/stm32cubeide/plugins/com.st.stm32cube.ide.mcu.externaltools.gnu-tools-for-stm32.7-2018-q2-update.win32_1.0.0.201904181610/tools/bin/../lib/gcc/arm-none-eabi/7.3.1/thumb/v7e-m/fpv4-sp/hard\libgcc.a
LOAD c:/st/stm32cubeide_1.2.0/stm32cubeide/plugins/com.st.stm32cube.ide.mcu.externaltools.gnu-tools-for-stm32.7-2018-q2-update.win32_1.0.0.201904181610/tools/bin/../lib/gcc/arm-none-eabi/7.3.1/../../../../arm-none-eabi/lib/thumb/v7e-m/fpv4-sp/hard\libc_nano.a
LOAD c:/st/stm32cubeide_1.2.0/stm32cubeide/plugins/com.st.stm32cube.ide.mcu.externaltools.gnu-tools-for-stm32.7-2018-q2-update.win32_1.0.0.201904181610/tools/bin/../lib/gcc/arm-none-eabi/7.3.1/../../../../arm-none-eabi/lib/thumb/v7e-m/fpv4-sp/hard\libnosys.a
END GROUP
START GROUP
LOAD c:/st/stm32cubeide_1.2.0/stm32cubeide/plugins/com.st.stm32cube.ide.mcu.externaltools.gnu-tools-for-stm32.7-2018-q2-update.win32_1.0.0.201904181610/tools/bin/../lib/gcc/arm-none-eabi/7.3.1/thumb/v7e-m/fpv4-sp/hard\libgcc.a
LOAD c:/st/stm32cubeide_1.2.0/stm32cubeide/plugins/com.st.stm32cube.ide.mcu.externaltools.gnu-tools-for-stm32.7-2018-q2-update.win32_1.0.0.201904181610/tools/bin/../lib/gcc/arm-none-eabi/7.3.1/../../../../arm-none-eabi/lib/thumb/v7e-m/fpv4-sp/hard\libc_nano.a
LOAD c:/st/stm32cubeide_1.2.0/stm32cubeide/plugins/com.st.stm32cube.ide.mcu.externaltools.gnu-tools-for-stm32.7-2018-q2-update.win32_1.0.0.201904181610/tools/bin/../lib/gcc/arm-none-eabi/7.3.1/../../../../arm-none-eabi/lib/thumb/v7e-m/fpv4-sp/hard\libnosys.a
END GROUP
LOAD c:/st/stm32cubeide_1.2.0/stm32cubeide/plugins/com.st.stm32cube.ide.mcu.externaltools.gnu-tools-for-stm32.7-2018-q2-update.win32_1.0.0.201904181610/tools/bin/../lib/gcc/arm-none-eabi/7.3.1/thumb/v7e-m/fpv4-sp/hard/crtend.o
LOAD c:/st/stm32cubeide_1.2.0/stm32cubeide/plugins/com.st.stm32cube.ide.mcu.externaltools.gnu-tools-for-stm32.7-2018-q2-update.win32_1.0.0.201904181610/tools/bin/../lib/gcc/arm-none-eabi/7.3.1/thumb/v7e-m/fpv4-sp/hard/crtn.o
                0x0000000020020000                _estack = (ORIGIN (RAM) + LENGTH (RAM))
                0x0000000000000200                _Min_Heap_Size = 0x200
                0x0000000000000400                _Min_Stack_Size = 0x400

.isr_vector     0x0000000008000000      0x1c4
                0x0000000008000000                . = ALIGN (0x4)
 *(.isr_vector)
 .isr_vector    0x0000000008000000      0x1c4 Core/Startup/startup_stm32f446retx.o
                0x0000000008000000                g_pfnVectors
                0x00000000080001c4                . = ALIGN (0x4)

.text           0x00000000080001c4     0x9198
                0x00000000080001c4                . = ALIGN (0x4)
 *(.text)
 .text          0x00000000080001c4       0x40 c:/st/stm32cubeide_1.2.0/stm32cubeide/plugins/com.st.stm32cube.ide.mcu.externaltools.gnu-tools-for-stm32.7-2018-q2-update.win32_1.0.0.201904181610/tools/bin/../lib/gcc/arm-none-eabi/7.3.1/thumb/v7e-m/fpv4-sp/hard/crtbegin.o
 .text          0x0000000008000204       0x30 c:/st/stm32cubeide_1.2.0/stm32cubeide/plugins/com.st.stm32cube.ide.mcu.externaltools.gnu-tools-for-stm32.7-2018-q2-update.win32_1.0.0.201904181610/tools/bin/../lib/gcc/arm-none-eabi/7.3.1/thumb/v7e-m/fpv4-sp/hard\libgcc.a(_aeabi_uldivmod.o)
                0x0000000008000204                __aeabi_uldivmod
 .text          0x0000000008000234      0x2cc c:/st/stm32cubeide_1.2.0/stm32cubeide/plugins/com.st.stm32cube.ide.mcu.externaltools.gnu-tools-for-stm32.7-2018-q2-update.win32_1.0.0.201904181610/tools/bin/../lib/gcc/arm-none-eabi/7.3.1/thumb/v7e-m/fpv4-sp/hard\libgcc.a(_udivmoddi4.o)
                0x0000000008000234                __udivmoddi4
 .text          0x0000000008000500        0x4 c:/st/stm32cubeide_1.2.0/stm32cubeide/plugins/com.st.stm32cube.ide.mcu.externaltools.gnu-tools-for-stm32.7-2018-q2-update.win32_1.0.0.201904181610/tools/bin/../lib/gcc/arm-none-eabi/7.3.1/thumb/v7e-m/fpv4-sp/hard\libgcc.a(_dvmd_tls.o)
                0x0000000008000500                __aeabi_idiv0
                0x0000000008000500                __aeabi_ldiv0
 *(.text*)
 .text.HAL_ADC_ConvCpltCallback
                0x0000000008000504      0x13c Core/Src/main.o
                0x0000000008000504                HAL_ADC_ConvCpltCallback
 .text.HAL_ADC_ConvHalfCpltCallback
                0x0000000008000640      0x134 Core/Src/main.o
                0x0000000008000640                HAL_ADC_ConvHalfCpltCallback
 .text.HAL_DAC_ConvCpltCallbackCh1
                0x0000000008000774       0x40 Core/Src/main.o
                0x0000000008000774                HAL_DAC_ConvCpltCallbackCh1
 .text.HAL_DAC_ConvHalfCpltCallbackCh1
                0x00000000080007b4       0x2c Core/Src/main.o
                0x00000000080007b4                HAL_DAC_ConvHalfCpltCallbackCh1
 .text.main     0x00000000080007e0      0x914 Core/Src/main.o
                0x00000000080007e0                main
 .text.SystemClock_Config
                0x00000000080010f4       0xdc Core/Src/main.o
                0x00000000080010f4                SystemClock_Config
 .text.MX_ADC2_Init
                0x00000000080011d0       0xa8 Core/Src/main.o
 .text.MX_DAC_Init
                0x0000000008001278       0x54 Core/Src/main.o
 .text.MX_SPI2_Init
                0x00000000080012cc       0x6c Core/Src/main.o
 .text.MX_TIM2_Init
                0x0000000008001338       0x98 Core/Src/main.o
 .text.MX_TIM6_Init
                0x00000000080013d0       0x6c Core/Src/main.o
 .text.MX_USART2_UART_Init
                0x000000000800143c       0x54 Core/Src/main.o
 .text.MX_DMA_Init
                0x0000000008001490       0x7c Core/Src/main.o
 .text.MX_GPIO_Init
                0x000000000800150c      0x188 Core/Src/main.o
 .text.Error_Handler
                0x0000000008001694        0xe Core/Src/main.o
                0x0000000008001694                Error_Handler
 *fill*         0x00000000080016a2        0x2 
 .text.SD_ReceiveByte
                0x00000000080016a4       0x28 Core/Src/sd.o
                0x00000000080016a4                SD_ReceiveByte
 .text.SD_SendCommand
                0x00000000080016cc       0xb4 Core/Src/sd.o
                0x00000000080016cc                SD_SendCommand
 .text.Deselect
                0x0000000008001780       0x1c Core/Src/sd.o
                0x0000000008001780                Deselect
 .text.Select   0x000000000800179c       0x1c Core/Src/sd.o
                0x000000000800179c                Select
 .text.SD_Init  0x00000000080017b8       0xd8 Core/Src/sd.o
                0x00000000080017b8                SD_Init
 .text.SD_RxDataBlock
                0x0000000008001890       0x68 Core/Src/sd.o
                0x0000000008001890                SD_RxDataBlock
 .text.SD_Read  0x00000000080018f8       0x8c Core/Src/sd.o
                0x00000000080018f8                SD_Read
 .text.SD_TxDataBlock
                0x0000000008001984       0x90 Core/Src/sd.o
                0x0000000008001984                SD_TxDataBlock
 .text.SD_Write
                0x0000000008001a14       0x94 Core/Src/sd.o
                0x0000000008001a14                SD_Write
 .text.wave_init
                0x0000000008001aa8       0x78 Core/Src/sinewave.o
                0x0000000008001aa8                wave_init
 .text.wave_fillbuffer
                0x0000000008001b20       0xf4 Core/Src/sinewave.o
                0x0000000008001b20                wave_fillbuffer
 .text.HAL_MspInit
                0x0000000008001c14       0x50 Core/Src/stm32f4xx_hal_msp.o
                0x0000000008001c14                HAL_MspInit
 .text.HAL_ADC_MspInit
                0x0000000008001c64       0xec Core/Src/stm32f4xx_hal_msp.o
                0x0000000008001c64                HAL_ADC_MspInit
 .text.HAL_DAC_MspInit
                0x0000000008001d50       0xf0 Core/Src/stm32f4xx_hal_msp.o
                0x0000000008001d50                HAL_DAC_MspInit
 .text.HAL_SPI_MspInit
                0x0000000008001e40       0xf0 Core/Src/stm32f4xx_hal_msp.o
                0x0000000008001e40                HAL_SPI_MspInit
 .text.HAL_TIM_Base_MspInit
                0x0000000008001f30       0x6c Core/Src/stm32f4xx_hal_msp.o
                0x0000000008001f30                HAL_TIM_Base_MspInit
 .text.HAL_UART_MspInit
                0x0000000008001f9c       0xf4 Core/Src/stm32f4xx_hal_msp.o
                0x0000000008001f9c                HAL_UART_MspInit
 .text.NMI_Handler
                0x0000000008002090        0xe Core/Src/stm32f4xx_it.o
                0x0000000008002090                NMI_Handler
 .text.HardFault_Handler
                0x000000000800209e        0x6 Core/Src/stm32f4xx_it.o
                0x000000000800209e                HardFault_Handler
 .text.MemManage_Handler
                0x00000000080020a4        0x6 Core/Src/stm32f4xx_it.o
                0x00000000080020a4                MemManage_Handler
 .text.BusFault_Handler
                0x00000000080020aa        0x6 Core/Src/stm32f4xx_it.o
                0x00000000080020aa                BusFault_Handler
 .text.UsageFault_Handler
                0x00000000080020b0        0x6 Core/Src/stm32f4xx_it.o
                0x00000000080020b0                UsageFault_Handler
 .text.SVC_Handler
                0x00000000080020b6        0xe Core/Src/stm32f4xx_it.o
                0x00000000080020b6                SVC_Handler
 .text.DebugMon_Handler
                0x00000000080020c4        0xe Core/Src/stm32f4xx_it.o
                0x00000000080020c4                DebugMon_Handler
 .text.PendSV_Handler
                0x00000000080020d2        0xe Core/Src/stm32f4xx_it.o
                0x00000000080020d2                PendSV_Handler
 .text.SysTick_Handler
                0x00000000080020e0        0xc Core/Src/stm32f4xx_it.o
                0x00000000080020e0                SysTick_Handler
 .text.DMA1_Stream5_IRQHandler
                0x00000000080020ec       0x14 Core/Src/stm32f4xx_it.o
                0x00000000080020ec                DMA1_Stream5_IRQHandler
 .text.DMA1_Stream6_IRQHandler
                0x0000000008002100       0x14 Core/Src/stm32f4xx_it.o
                0x0000000008002100                DMA1_Stream6_IRQHandler
 .text.EXTI9_5_IRQHandler
                0x0000000008002114       0x30 Core/Src/stm32f4xx_it.o
                0x0000000008002114                EXTI9_5_IRQHandler
 .text.EXTI15_10_IRQHandler
                0x0000000008002144       0x24 Core/Src/stm32f4xx_it.o
                0x0000000008002144                EXTI15_10_IRQHandler
 .text.DMA2_Stream2_IRQHandler
                0x0000000008002168       0x14 Core/Src/stm32f4xx_it.o
                0x0000000008002168                DMA2_Stream2_IRQHandler
 .text.SystemInit
                0x000000000800217c       0x2c Core/Src/system_stm32f4xx.o
                0x000000000800217c                SystemInit
 .text.Reset_Handler
                0x00000000080021a8       0x50 Core/Startup/startup_stm32f446retx.o
                0x00000000080021a8                Reset_Handler
 .text.Default_Handler
                0x00000000080021f8        0x2 Core/Startup/startup_stm32f446retx.o
                0x00000000080021f8                RTC_Alarm_IRQHandler
                0x00000000080021f8                EXTI2_IRQHandler
                0x00000000080021f8                TIM8_CC_IRQHandler
                0x00000000080021f8                FMPI2C1_EV_IRQHandler
                0x00000000080021f8                SPI4_IRQHandler
                0x00000000080021f8                TIM1_CC_IRQHandler
                0x00000000080021f8                DMA2_Stream5_IRQHandler
                0x00000000080021f8                PVD_IRQHandler
                0x00000000080021f8                SDIO_IRQHandler
                0x00000000080021f8                TAMP_STAMP_IRQHandler
                0x00000000080021f8                CAN2_RX1_IRQHandler
                0x00000000080021f8                EXTI3_IRQHandler
                0x00000000080021f8                TIM8_TRG_COM_TIM14_IRQHandler
                0x00000000080021f8                TIM1_UP_TIM10_IRQHandler
                0x00000000080021f8                TIM8_UP_TIM13_IRQHandler
                0x00000000080021f8                I2C3_ER_IRQHandler
                0x00000000080021f8                EXTI0_IRQHandler
                0x00000000080021f8                I2C2_EV_IRQHandler
                0x00000000080021f8                DMA1_Stream2_IRQHandler
                0x00000000080021f8                CAN1_RX0_IRQHandler
                0x00000000080021f8                FPU_IRQHandler
                0x00000000080021f8                OTG_HS_WKUP_IRQHandler
                0x00000000080021f8                CAN2_SCE_IRQHandler
                0x00000000080021f8                SPI1_IRQHandler
                0x00000000080021f8                TIM6_DAC_IRQHandler
                0x00000000080021f8                TIM1_BRK_TIM9_IRQHandler
                0x00000000080021f8                DCMI_IRQHandler
                0x00000000080021f8                CAN2_RX0_IRQHandler
                0x00000000080021f8                DMA2_Stream3_IRQHandler
                0x00000000080021f8                SAI2_IRQHandler
                0x00000000080021f8                USART6_IRQHandler
                0x00000000080021f8                USART3_IRQHandler
                0x00000000080021f8                CAN1_RX1_IRQHandler
                0x00000000080021f8                UART5_IRQHandler
                0x00000000080021f8                DMA2_Stream0_IRQHandler
                0x00000000080021f8                TIM4_IRQHandler
                0x00000000080021f8                QUADSPI_IRQHandler
                0x00000000080021f8                I2C1_EV_IRQHandler
                0x00000000080021f8                DMA1_Stream1_IRQHandler
                0x00000000080021f8                UART4_IRQHandler
                0x00000000080021f8                TIM3_IRQHandler
                0x00000000080021f8                RCC_IRQHandler
                0x00000000080021f8                TIM8_BRK_TIM12_IRQHandler
                0x00000000080021f8                Default_Handler
                0x00000000080021f8                CEC_IRQHandler
                0x00000000080021f8                ADC_IRQHandler
                0x00000000080021f8                DMA1_Stream7_IRQHandler
                0x00000000080021f8                TIM7_IRQHandler
                0x00000000080021f8                CAN2_TX_IRQHandler
                0x00000000080021f8                TIM5_IRQHandler
                0x00000000080021f8                DMA2_Stream7_IRQHandler
                0x00000000080021f8                I2C3_EV_IRQHandler
                0x00000000080021f8                RTC_WKUP_IRQHandler
                0x00000000080021f8                SPDIF_RX_IRQHandler
                0x00000000080021f8                SPI2_IRQHandler
                0x00000000080021f8                OTG_HS_EP1_IN_IRQHandler
                0x00000000080021f8                DMA1_Stream0_IRQHandler
                0x00000000080021f8                CAN1_TX_IRQHandler
                0x00000000080021f8                FMPI2C1_ER_IRQHandler
                0x00000000080021f8                EXTI4_IRQHandler
                0x00000000080021f8                OTG_HS_EP1_OUT_IRQHandler
                0x00000000080021f8                WWDG_IRQHandler
                0x00000000080021f8                TIM2_IRQHandler
                0x00000000080021f8                OTG_FS_WKUP_IRQHandler
                0x00000000080021f8                TIM1_TRG_COM_TIM11_IRQHandler
                0x00000000080021f8                OTG_HS_IRQHandler
                0x00000000080021f8                EXTI1_IRQHandler
                0x00000000080021f8                USART2_IRQHandler
                0x00000000080021f8                I2C2_ER_IRQHandler
                0x00000000080021f8                DMA2_Stream1_IRQHandler
                0x00000000080021f8                CAN1_SCE_IRQHandler
                0x00000000080021f8                FLASH_IRQHandler
                0x00000000080021f8                DMA2_Stream4_IRQHandler
                0x00000000080021f8                USART1_IRQHandler
                0x00000000080021f8                OTG_FS_IRQHandler
                0x00000000080021f8                SPI3_IRQHandler
                0x00000000080021f8                DMA1_Stream4_IRQHandler
                0x00000000080021f8                I2C1_ER_IRQHandler
                0x00000000080021f8                FMC_IRQHandler
                0x00000000080021f8                DMA2_Stream6_IRQHandler
                0x00000000080021f8                SAI1_IRQHandler
                0x00000000080021f8                DMA1_Stream3_IRQHandler
 *fill*         0x00000000080021fa        0x2 
 .text.HAL_Init
                0x00000000080021fc       0x44 Drivers/STM32F4xx_HAL_Driver/Src/stm32f4xx_hal.o
                0x00000000080021fc                HAL_Init
 .text.HAL_InitTick
                0x0000000008002240       0x60 Drivers/STM32F4xx_HAL_Driver/Src/stm32f4xx_hal.o
                0x0000000008002240                HAL_InitTick
 .text.HAL_IncTick
                0x00000000080022a0       0x28 Drivers/STM32F4xx_HAL_Driver/Src/stm32f4xx_hal.o
                0x00000000080022a0                HAL_IncTick
 .text.HAL_GetTick
                0x00000000080022c8       0x18 Drivers/STM32F4xx_HAL_Driver/Src/stm32f4xx_hal.o
                0x00000000080022c8                HAL_GetTick
 .text.HAL_Delay
                0x00000000080022e0       0x44 Drivers/STM32F4xx_HAL_Driver/Src/stm32f4xx_hal.o
                0x00000000080022e0                HAL_Delay
 .text.HAL_ADC_Init
                0x0000000008002324       0x86 Drivers/STM32F4xx_HAL_Driver/Src/stm32f4xx_hal_adc.o
                0x0000000008002324                HAL_ADC_Init
 *fill*         0x00000000080023aa        0x2 
 .text.HAL_ADC_Start_DMA
                0x00000000080023ac      0x1e4 Drivers/STM32F4xx_HAL_Driver/Src/stm32f4xx_hal_adc.o
                0x00000000080023ac                HAL_ADC_Start_DMA
 .text.HAL_ADC_ErrorCallback
                0x0000000008002590       0x14 Drivers/STM32F4xx_HAL_Driver/Src/stm32f4xx_hal_adc.o
                0x0000000008002590                HAL_ADC_ErrorCallback
 .text.HAL_ADC_ConfigChannel
                0x00000000080025a4      0x264 Drivers/STM32F4xx_HAL_Driver/Src/stm32f4xx_hal_adc.o
                0x00000000080025a4                HAL_ADC_ConfigChannel
 .text.ADC_Init
                0x0000000008002808      0x1f8 Drivers/STM32F4xx_HAL_Driver/Src/stm32f4xx_hal_adc.o
 .text.ADC_DMAConvCplt
                0x0000000008002a00       0xba Drivers/STM32F4xx_HAL_Driver/Src/stm32f4xx_hal_adc.o
 .text.ADC_DMAHalfConvCplt
                0x0000000008002aba       0x1c Drivers/STM32F4xx_HAL_Driver/Src/stm32f4xx_hal_adc.o
 .text.ADC_DMAError
                0x0000000008002ad6       0x2e Drivers/STM32F4xx_HAL_Driver/Src/stm32f4xx_hal_adc.o
 .text.__NVIC_SetPriorityGrouping
                0x0000000008002b04       0x48 Drivers/STM32F4xx_HAL_Driver/Src/stm32f4xx_hal_cortex.o
 .text.__NVIC_GetPriorityGrouping
                0x0000000008002b4c       0x1c Drivers/STM32F4xx_HAL_Driver/Src/stm32f4xx_hal_cortex.o
 .text.__NVIC_EnableIRQ
                0x0000000008002b68       0x3c Drivers/STM32F4xx_HAL_Driver/Src/stm32f4xx_hal_cortex.o
 .text.__NVIC_SetPriority
                0x0000000008002ba4       0x54 Drivers/STM32F4xx_HAL_Driver/Src/stm32f4xx_hal_cortex.o
 .text.NVIC_EncodePriority
                0x0000000008002bf8       0x66 Drivers/STM32F4xx_HAL_Driver/Src/stm32f4xx_hal_cortex.o
 *fill*         0x0000000008002c5e        0x2 
 .text.SysTick_Config
                0x0000000008002c60       0x44 Drivers/STM32F4xx_HAL_Driver/Src/stm32f4xx_hal_cortex.o
 .text.HAL_NVIC_SetPriorityGrouping
                0x0000000008002ca4       0x16 Drivers/STM32F4xx_HAL_Driver/Src/stm32f4xx_hal_cortex.o
                0x0000000008002ca4                HAL_NVIC_SetPriorityGrouping
 .text.HAL_NVIC_SetPriority
                0x0000000008002cba       0x38 Drivers/STM32F4xx_HAL_Driver/Src/stm32f4xx_hal_cortex.o
                0x0000000008002cba                HAL_NVIC_SetPriority
 .text.HAL_NVIC_EnableIRQ
                0x0000000008002cf2       0x1c Drivers/STM32F4xx_HAL_Driver/Src/stm32f4xx_hal_cortex.o
                0x0000000008002cf2                HAL_NVIC_EnableIRQ
 .text.HAL_SYSTICK_Config
                0x0000000008002d0e       0x18 Drivers/STM32F4xx_HAL_Driver/Src/stm32f4xx_hal_cortex.o
                0x0000000008002d0e                HAL_SYSTICK_Config
 .text.HAL_DAC_Init
                0x0000000008002d26       0x44 Drivers/STM32F4xx_HAL_Driver/Src/stm32f4xx_hal_dac.o
                0x0000000008002d26                HAL_DAC_Init
 *fill*         0x0000000008002d6a        0x2 
 .text.HAL_DAC_Start_DMA
                0x0000000008002d6c      0x15c Drivers/STM32F4xx_HAL_Driver/Src/stm32f4xx_hal_dac.o
                0x0000000008002d6c                HAL_DAC_Start_DMA
 .text.HAL_DAC_Stop_DMA
                0x0000000008002ec8       0x82 Drivers/STM32F4xx_HAL_Driver/Src/stm32f4xx_hal_dac.o
                0x0000000008002ec8                HAL_DAC_Stop_DMA
 .text.HAL_DAC_ErrorCallbackCh1
                0x0000000008002f4a       0x14 Drivers/STM32F4xx_HAL_Driver/Src/stm32f4xx_hal_dac.o
                0x0000000008002f4a                HAL_DAC_ErrorCallbackCh1
 .text.HAL_DAC_ConfigChannel
                0x0000000008002f5e       0x9a Drivers/STM32F4xx_HAL_Driver/Src/stm32f4xx_hal_dac.o
                0x0000000008002f5e                HAL_DAC_ConfigChannel
 .text.DAC_DMAConvCpltCh1
                0x0000000008002ff8       0x22 Drivers/STM32F4xx_HAL_Driver/Src/stm32f4xx_hal_dac.o
 .text.DAC_DMAHalfConvCpltCh1
                0x000000000800301a       0x1c Drivers/STM32F4xx_HAL_Driver/Src/stm32f4xx_hal_dac.o
 .text.DAC_DMAErrorCh1
                0x0000000008003036       0x2e Drivers/STM32F4xx_HAL_Driver/Src/stm32f4xx_hal_dac.o
 .text.HAL_DACEx_ConvCpltCallbackCh2
                0x0000000008003064       0x14 Drivers/STM32F4xx_HAL_Driver/Src/stm32f4xx_hal_dac_ex.o
                0x0000000008003064                HAL_DACEx_ConvCpltCallbackCh2
 .text.HAL_DACEx_ConvHalfCpltCallbackCh2
                0x0000000008003078       0x14 Drivers/STM32F4xx_HAL_Driver/Src/stm32f4xx_hal_dac_ex.o
                0x0000000008003078                HAL_DACEx_ConvHalfCpltCallbackCh2
 .text.HAL_DACEx_ErrorCallbackCh2
                0x000000000800308c       0x14 Drivers/STM32F4xx_HAL_Driver/Src/stm32f4xx_hal_dac_ex.o
                0x000000000800308c                HAL_DACEx_ErrorCallbackCh2
 .text.DAC_DMAConvCpltCh2
                0x00000000080030a0       0x22 Drivers/STM32F4xx_HAL_Driver/Src/stm32f4xx_hal_dac_ex.o
                0x00000000080030a0                DAC_DMAConvCpltCh2
 .text.DAC_DMAHalfConvCpltCh2
                0x00000000080030c2       0x1c Drivers/STM32F4xx_HAL_Driver/Src/stm32f4xx_hal_dac_ex.o
                0x00000000080030c2                DAC_DMAHalfConvCpltCh2
 .text.DAC_DMAErrorCh2
                0x00000000080030de       0x2e Drivers/STM32F4xx_HAL_Driver/Src/stm32f4xx_hal_dac_ex.o
                0x00000000080030de                DAC_DMAErrorCh2
 .text.HAL_DMA_Init
                0x000000000800310c      0x15c Drivers/STM32F4xx_HAL_Driver/Src/stm32f4xx_hal_dma.o
                0x000000000800310c                HAL_DMA_Init
 .text.HAL_DMA_Start_IT
                0x0000000008003268       0xb0 Drivers/STM32F4xx_HAL_Driver/Src/stm32f4xx_hal_dma.o
                0x0000000008003268                HAL_DMA_Start_IT
 .text.HAL_DMA_Abort
                0x0000000008003318       0xe0 Drivers/STM32F4xx_HAL_Driver/Src/stm32f4xx_hal_dma.o
                0x0000000008003318                HAL_DMA_Abort
 .text.HAL_DMA_IRQHandler
                0x00000000080033f8      0x314 Drivers/STM32F4xx_HAL_Driver/Src/stm32f4xx_hal_dma.o
                0x00000000080033f8                HAL_DMA_IRQHandler
 .text.DMA_SetConfig
                0x000000000800370c       0x5c Drivers/STM32F4xx_HAL_Driver/Src/stm32f4xx_hal_dma.o
 .text.DMA_CalcBaseAndBitshift
                0x0000000008003768       0x6c Drivers/STM32F4xx_HAL_Driver/Src/stm32f4xx_hal_dma.o
 .text.DMA_CheckFifoParam
                0x00000000080037d4       0xf4 Drivers/STM32F4xx_HAL_Driver/Src/stm32f4xx_hal_dma.o
 .text.HAL_GPIO_Init
                0x00000000080038c8      0x324 Drivers/STM32F4xx_HAL_Driver/Src/stm32f4xx_hal_gpio.o
                0x00000000080038c8                HAL_GPIO_Init
 .text.HAL_GPIO_ReadPin
                0x0000000008003bec       0x30 Drivers/STM32F4xx_HAL_Driver/Src/stm32f4xx_hal_gpio.o
                0x0000000008003bec                HAL_GPIO_ReadPin
 .text.HAL_GPIO_WritePin
                0x0000000008003c1c       0x32 Drivers/STM32F4xx_HAL_Driver/Src/stm32f4xx_hal_gpio.o
                0x0000000008003c1c                HAL_GPIO_WritePin
 *fill*         0x0000000008003c4e        0x2 
 .text.HAL_GPIO_EXTI_IRQHandler
                0x0000000008003c50       0x30 Drivers/STM32F4xx_HAL_Driver/Src/stm32f4xx_hal_gpio.o
                0x0000000008003c50                HAL_GPIO_EXTI_IRQHandler
 .text.HAL_GPIO_EXTI_Callback
                0x0000000008003c80       0x16 Drivers/STM32F4xx_HAL_Driver/Src/stm32f4xx_hal_gpio.o
                0x0000000008003c80                HAL_GPIO_EXTI_Callback
 *fill*         0x0000000008003c96        0x2 
 .text.HAL_RCC_ClockConfig
                0x0000000008003c98      0x1cc Drivers/STM32F4xx_HAL_Driver/Src/stm32f4xx_hal_rcc.o
                0x0000000008003c98                HAL_RCC_ClockConfig
 .text.HAL_RCC_GetHCLKFreq
                0x0000000008003e64       0x18 Drivers/STM32F4xx_HAL_Driver/Src/stm32f4xx_hal_rcc.o
                0x0000000008003e64                HAL_RCC_GetHCLKFreq
 .text.HAL_RCC_GetPCLK1Freq
                0x0000000008003e7c       0x28 Drivers/STM32F4xx_HAL_Driver/Src/stm32f4xx_hal_rcc.o
                0x0000000008003e7c                HAL_RCC_GetPCLK1Freq
 .text.HAL_RCC_GetPCLK2Freq
                0x0000000008003ea4       0x28 Drivers/STM32F4xx_HAL_Driver/Src/stm32f4xx_hal_rcc.o
                0x0000000008003ea4                HAL_RCC_GetPCLK2Freq
 .text.HAL_RCC_GetSysClockFreq
                0x0000000008003ecc      0x340 Drivers/STM32F4xx_HAL_Driver/Src/stm32f4xx_hal_rcc_ex.o
                0x0000000008003ecc                HAL_RCC_GetSysClockFreq
 .text.HAL_RCC_OscConfig
                0x000000000800420c      0x4b4 Drivers/STM32F4xx_HAL_Driver/Src/stm32f4xx_hal_rcc_ex.o
                0x000000000800420c                HAL_RCC_OscConfig
 .text.HAL_SPI_Init
                0x00000000080046c0       0xc8 Drivers/STM32F4xx_HAL_Driver/Src/stm32f4xx_hal_spi.o
                0x00000000080046c0                HAL_SPI_Init
 .text.HAL_SPI_Transmit
                0x0000000008004788      0x268 Drivers/STM32F4xx_HAL_Driver/Src/stm32f4xx_hal_spi.o
                0x0000000008004788                HAL_SPI_Transmit
 .text.HAL_SPI_Receive
                0x00000000080049f0      0x212 Drivers/STM32F4xx_HAL_Driver/Src/stm32f4xx_hal_spi.o
                0x00000000080049f0                HAL_SPI_Receive
 .text.HAL_SPI_TransmitReceive
                0x0000000008004c02      0x344 Drivers/STM32F4xx_HAL_Driver/Src/stm32f4xx_hal_spi.o
                0x0000000008004c02                HAL_SPI_TransmitReceive
 .text.SPI_WaitFlagStateUntilTimeout
                0x0000000008004f46       0xd4 Drivers/STM32F4xx_HAL_Driver/Src/stm32f4xx_hal_spi.o
 .text.SPI_EndRxTransaction
                0x000000000800501a       0xca Drivers/STM32F4xx_HAL_Driver/Src/stm32f4xx_hal_spi.o
 .text.SPI_EndRxTxTransaction
                0x00000000080050e4       0x84 Drivers/STM32F4xx_HAL_Driver/Src/stm32f4xx_hal_spi.o
 .text.HAL_TIM_Base_Init
                0x0000000008005168       0x56 Drivers/STM32F4xx_HAL_Driver/Src/stm32f4xx_hal_tim.o
                0x0000000008005168                HAL_TIM_Base_Init
 .text.HAL_TIM_Base_Start
                0x00000000080051be       0x48 Drivers/STM32F4xx_HAL_Driver/Src/stm32f4xx_hal_tim.o
                0x00000000080051be                HAL_TIM_Base_Start
 .text.HAL_TIM_ConfigClockSource
                0x0000000008005206      0x16e Drivers/STM32F4xx_HAL_Driver/Src/stm32f4xx_hal_tim.o
                0x0000000008005206                HAL_TIM_ConfigClockSource
 .text.TIM_Base_SetConfig
                0x0000000008005374      0x140 Drivers/STM32F4xx_HAL_Driver/Src/stm32f4xx_hal_tim.o
                0x0000000008005374                TIM_Base_SetConfig
 .text.TIM_TI1_ConfigInputStage
                0x00000000080054b4       0x5e Drivers/STM32F4xx_HAL_Driver/Src/stm32f4xx_hal_tim.o
 .text.TIM_TI2_ConfigInputStage
                0x0000000008005512       0x60 Drivers/STM32F4xx_HAL_Driver/Src/stm32f4xx_hal_tim.o
 .text.TIM_ITRx_SetConfig
                0x0000000008005572       0x36 Drivers/STM32F4xx_HAL_Driver/Src/stm32f4xx_hal_tim.o
 .text.TIM_ETR_SetConfig
                0x00000000080055a8       0x40 Drivers/STM32F4xx_HAL_Driver/Src/stm32f4xx_hal_tim.o
                0x00000000080055a8                TIM_ETR_SetConfig
 .text.HAL_TIMEx_MasterConfigSynchronization
                0x00000000080055e8       0xf8 Drivers/STM32F4xx_HAL_Driver/Src/stm32f4xx_hal_tim_ex.o
                0x00000000080055e8                HAL_TIMEx_MasterConfigSynchronization
 .text.HAL_UART_Init
                0x00000000080056e0       0x9a Drivers/STM32F4xx_HAL_Driver/Src/stm32f4xx_hal_uart.o
                0x00000000080056e0                HAL_UART_Init
 .text.HAL_UART_Transmit
                0x000000000800577a      0x132 Drivers/STM32F4xx_HAL_Driver/Src/stm32f4xx_hal_uart.o
                0x000000000800577a                HAL_UART_Transmit
 .text.HAL_UART_Transmit_DMA
                0x00000000080058ac       0xd8 Drivers/STM32F4xx_HAL_Driver/Src/stm32f4xx_hal_uart.o
                0x00000000080058ac                HAL_UART_Transmit_DMA
 .text.HAL_UART_TxCpltCallback
                0x0000000008005984       0x14 Drivers/STM32F4xx_HAL_Driver/Src/stm32f4xx_hal_uart.o
                0x0000000008005984                HAL_UART_TxCpltCallback
 .text.HAL_UART_TxHalfCpltCallback
                0x0000000008005998       0x14 Drivers/STM32F4xx_HAL_Driver/Src/stm32f4xx_hal_uart.o
                0x0000000008005998                HAL_UART_TxHalfCpltCallback
 .text.HAL_UART_ErrorCallback
                0x00000000080059ac       0x14 Drivers/STM32F4xx_HAL_Driver/Src/stm32f4xx_hal_uart.o
                0x00000000080059ac                HAL_UART_ErrorCallback
 .text.UART_DMATransmitCplt
                0x00000000080059c0       0x52 Drivers/STM32F4xx_HAL_Driver/Src/stm32f4xx_hal_uart.o
 .text.UART_DMATxHalfCplt
                0x0000000008005a12       0x1c Drivers/STM32F4xx_HAL_Driver/Src/stm32f4xx_hal_uart.o
 .text.UART_DMAError
                0x0000000008005a2e       0x94 Drivers/STM32F4xx_HAL_Driver/Src/stm32f4xx_hal_uart.o
 .text.UART_WaitOnFlagUntilTimeout
                0x0000000008005ac2       0x94 Drivers/STM32F4xx_HAL_Driver/Src/stm32f4xx_hal_uart.o
 .text.UART_EndTxTransfer
                0x0000000008005b56       0x2c Drivers/STM32F4xx_HAL_Driver/Src/stm32f4xx_hal_uart.o
 .text.UART_EndRxTransfer
                0x0000000008005b82       0x3c Drivers/STM32F4xx_HAL_Driver/Src/stm32f4xx_hal_uart.o
 *fill*         0x0000000008005bbe        0x2 
 .text.UART_SetConfig
                0x0000000008005bc0      0x6f8 Drivers/STM32F4xx_HAL_Driver/Src/stm32f4xx_hal_uart.o
 .text.MX_FATFS_Init
                0x00000000080062b8       0x24 FATFS/App/fatfs.o
                0x00000000080062b8                MX_FATFS_Init
 .text.get_fattime
                0x00000000080062dc       0x10 FATFS/App/fatfs.o
                0x00000000080062dc                get_fattime
 .text.USER_initialize
                0x00000000080062ec       0x2c FATFS/Target/user_diskio.o
                0x00000000080062ec                USER_initialize
 .text.USER_status
                0x0000000008006318       0x20 FATFS/Target/user_diskio.o
                0x0000000008006318                USER_status
 .text.USER_read
                0x0000000008006338       0x32 FATFS/Target/user_diskio.o
                0x0000000008006338                USER_read
 .text.USER_write
                0x000000000800636a       0x32 FATFS/Target/user_diskio.o
                0x000000000800636a                USER_write
 .text.USER_ioctl
                0x000000000800639c      0x150 FATFS/Target/user_diskio.o
                0x000000000800639c                USER_ioctl
 .text.disk_status
                0x00000000080064ec       0x34 Middlewares/Third_Party/FatFs/src/diskio.o
                0x00000000080064ec                disk_status
 .text.disk_initialize
                0x0000000008006520       0x4c Middlewares/Third_Party/FatFs/src/diskio.o
                0x0000000008006520                disk_initialize
 .text.disk_read
                0x000000000800656c       0x40 Middlewares/Third_Party/FatFs/src/diskio.o
                0x000000000800656c                disk_read
 .text.disk_write
                0x00000000080065ac       0x40 Middlewares/Third_Party/FatFs/src/diskio.o
                0x00000000080065ac                disk_write
 .text.disk_ioctl
                0x00000000080065ec       0x3c Middlewares/Third_Party/FatFs/src/diskio.o
                0x00000000080065ec                disk_ioctl
 .text.ld_word  0x0000000008006628       0x30 Middlewares/Third_Party/FatFs/src/ff.o
 .text.ld_dword
                0x0000000008006658       0x46 Middlewares/Third_Party/FatFs/src/ff.o
 .text.st_word  0x000000000800669e       0x36 Middlewares/Third_Party/FatFs/src/ff.o
 .text.st_dword
                0x00000000080066d4       0x58 Middlewares/Third_Party/FatFs/src/ff.o
 .text.mem_cpy  0x000000000800672c       0x42 Middlewares/Third_Party/FatFs/src/ff.o
 .text.mem_set  0x000000000800676e       0x34 Middlewares/Third_Party/FatFs/src/ff.o
 .text.mem_cmp  0x00000000080067a2       0x4e Middlewares/Third_Party/FatFs/src/ff.o
 .text.chk_chr  0x00000000080067f0       0x36 Middlewares/Third_Party/FatFs/src/ff.o
 *fill*         0x0000000008006826        0x2 
 .text.chk_lock
                0x0000000008006828       0xb8 Middlewares/Third_Party/FatFs/src/ff.o
 .text.enq_lock
                0x00000000080068e0       0x44 Middlewares/Third_Party/FatFs/src/ff.o
 .text.inc_lock
                0x0000000008006924      0x11c Middlewares/Third_Party/FatFs/src/ff.o
 .text.dec_lock
                0x0000000008006a40       0x78 Middlewares/Third_Party/FatFs/src/ff.o
 .text.clear_lock
                0x0000000008006ab8       0x48 Middlewares/Third_Party/FatFs/src/ff.o
 .text.sync_window
                0x0000000008006b00       0x88 Middlewares/Third_Party/FatFs/src/ff.o
 .text.move_window
                0x0000000008006b88       0x5a Middlewares/Third_Party/FatFs/src/ff.o
 *fill*         0x0000000008006be2        0x2 
 .text.sync_fs  0x0000000008006be4       0xdc Middlewares/Third_Party/FatFs/src/ff.o
 .text.clust2sect
                0x0000000008006cc0       0x3e Middlewares/Third_Party/FatFs/src/ff.o
 .text.get_fat  0x0000000008006cfe      0x14a Middlewares/Third_Party/FatFs/src/ff.o
 .text.put_fat  0x0000000008006e48      0x1ce Middlewares/Third_Party/FatFs/src/ff.o
 .text.remove_chain
                0x0000000008007016       0xca Middlewares/Third_Party/FatFs/src/ff.o
 .text.create_chain
                0x00000000080070e0      0x130 Middlewares/Third_Party/FatFs/src/ff.o
 .text.clmt_clust
                0x0000000008007210       0x68 Middlewares/Third_Party/FatFs/src/ff.o
 .text.dir_sdi  0x0000000008007278       0xf6 Middlewares/Third_Party/FatFs/src/ff.o
 .text.dir_next
                0x000000000800736e      0x18a Middlewares/Third_Party/FatFs/src/ff.o
 .text.dir_alloc
                0x00000000080074f8       0x8e Middlewares/Third_Party/FatFs/src/ff.o
 .text.ld_clust
                0x0000000008007586       0x3e Middlewares/Third_Party/FatFs/src/ff.o
 .text.st_clust
                0x00000000080075c4       0x40 Middlewares/Third_Party/FatFs/src/ff.o
 .text.dir_find
                0x0000000008007604       0xaa Middlewares/Third_Party/FatFs/src/ff.o
 .text.dir_register
                0x00000000080076ae       0x64 Middlewares/Third_Party/FatFs/src/ff.o
 *fill*         0x0000000008007712        0x2 
 .text.create_name
                0x0000000008007714      0x128 Middlewares/Third_Party/FatFs/src/ff.o
 .text.follow_path
                0x000000000800783c       0xe2 Middlewares/Third_Party/FatFs/src/ff.o
 .text.get_ldnumber
                0x000000000800791e       0x88 Middlewares/Third_Party/FatFs/src/ff.o
 *fill*         0x00000000080079a6        0x2 
 .text.check_fs
                0x00000000080079a8       0xac Middlewares/Third_Party/FatFs/src/ff.o
 .text.find_volume
                0x0000000008007a54      0x498 Middlewares/Third_Party/FatFs/src/ff.o
 .text.validate
                0x0000000008007eec       0x6a Middlewares/Third_Party/FatFs/src/ff.o
 *fill*         0x0000000008007f56        0x2 
 .text.f_mount  0x0000000008007f58       0x8c Middlewares/Third_Party/FatFs/src/ff.o
                0x0000000008007f58                f_mount
 .text.f_open   0x0000000008007fe4      0x37c Middlewares/Third_Party/FatFs/src/ff.o
                0x0000000008007fe4                f_open
 .text.f_write  0x0000000008008360      0x2ea Middlewares/Third_Party/FatFs/src/ff.o
                0x0000000008008360                f_write
 .text.f_sync   0x000000000800864a       0xfc Middlewares/Third_Party/FatFs/src/ff.o
                0x000000000800864a                f_sync
 .text.f_close  0x0000000008008746       0x54 Middlewares/Third_Party/FatFs/src/ff.o
                0x0000000008008746                f_close
 *fill*         0x000000000800879a        0x2 
 .text.FATFS_LinkDriverEx
                0x000000000800879c       0x98 Middlewares/Third_Party/FatFs/src/ff_gen_drv.o
                0x000000000800879c                FATFS_LinkDriverEx
 .text.FATFS_LinkDriver
                0x0000000008008834       0x1e Middlewares/Third_Party/FatFs/src/ff_gen_drv.o
                0x0000000008008834                FATFS_LinkDriver
 *fill*         0x0000000008008852        0x2 
 .text.__libc_init_array
                0x0000000008008854       0x48 c:/st/stm32cubeide_1.2.0/stm32cubeide/plugins/com.st.stm32cube.ide.mcu.externaltools.gnu-tools-for-stm32.7-2018-q2-update.win32_1.0.0.201904181610/tools/bin/../lib/gcc/arm-none-eabi/7.3.1/../../../../arm-none-eabi/lib/thumb/v7e-m/fpv4-sp/hard\libc_nano.a(lib_a-init.o)
                0x0000000008008854                __libc_init_array
 .text.memset   0x000000000800889c       0x10 c:/st/stm32cubeide_1.2.0/stm32cubeide/plugins/com.st.stm32cube.ide.mcu.externaltools.gnu-tools-for-stm32.7-2018-q2-update.win32_1.0.0.201904181610/tools/bin/../lib/gcc/arm-none-eabi/7.3.1/../../../../arm-none-eabi/lib/thumb/v7e-m/fpv4-sp/hard\libc_nano.a(lib_a-memset.o)
                0x000000000800889c                memset
 .text.sinf     0x00000000080088ac       0x84 c:/st/stm32cubeide_1.2.0/stm32cubeide/plugins/com.st.stm32cube.ide.mcu.externaltools.gnu-tools-for-stm32.7-2018-q2-update.win32_1.0.0.201904181610/tools/bin/../lib/gcc/arm-none-eabi/7.3.1/../../../../arm-none-eabi/lib/thumb/v7e-m/fpv4-sp/hard\libm.a(lib_a-sf_sin.o)
                0x00000000080088ac                sinf
 .text.__ieee754_rem_pio2f
                0x0000000008008930      0x258 c:/st/stm32cubeide_1.2.0/stm32cubeide/plugins/com.st.stm32cube.ide.mcu.externaltools.gnu-tools-for-stm32.7-2018-q2-update.win32_1.0.0.201904181610/tools/bin/../lib/gcc/arm-none-eabi/7.3.1/../../../../arm-none-eabi/lib/thumb/v7e-m/fpv4-sp/hard\libm.a(lib_a-ef_rem_pio2.o)
                0x0000000008008930                __ieee754_rem_pio2f
 .text.__kernel_cosf
                0x0000000008008b88       0xbc c:/st/stm32cubeide_1.2.0/stm32cubeide/plugins/com.st.stm32cube.ide.mcu.externaltools.gnu-tools-for-stm32.7-2018-q2-update.win32_1.0.0.201904181610/tools/bin/../lib/gcc/arm-none-eabi/7.3.1/../../../../arm-none-eabi/lib/thumb/v7e-m/fpv4-sp/hard\libm.a(lib_a-kf_cos.o)
                0x0000000008008b88                __kernel_cosf
 .text.__kernel_rem_pio2f
                0x0000000008008c44      0x504 c:/st/stm32cubeide_1.2.0/stm32cubeide/plugins/com.st.stm32cube.ide.mcu.externaltools.gnu-tools-for-stm32.7-2018-q2-update.win32_1.0.0.201904181610/tools/bin/../lib/gcc/arm-none-eabi/7.3.1/../../../../arm-none-eabi/lib/thumb/v7e-m/fpv4-sp/hard\libm.a(lib_a-kf_rem_pio2.o)
                0x0000000008008c44                __kernel_rem_pio2f
 .text.__kernel_sinf
                0x0000000008009148       0x90 c:/st/stm32cubeide_1.2.0/stm32cubeide/plugins/com.st.stm32cube.ide.mcu.externaltools.gnu-tools-for-stm32.7-2018-q2-update.win32_1.0.0.201904181610/tools/bin/../lib/gcc/arm-none-eabi/7.3.1/../../../../arm-none-eabi/lib/thumb/v7e-m/fpv4-sp/hard\libm.a(lib_a-kf_sin.o)
                0x0000000008009148                __kernel_sinf
 .text.fabsf    0x00000000080091d8        0xe c:/st/stm32cubeide_1.2.0/stm32cubeide/plugins/com.st.stm32cube.ide.mcu.externaltools.gnu-tools-for-stm32.7-2018-q2-update.win32_1.0.0.201904181610/tools/bin/../lib/gcc/arm-none-eabi/7.3.1/../../../../arm-none-eabi/lib/thumb/v7e-m/fpv4-sp/hard\libm.a(lib_a-sf_fabs.o)
                0x00000000080091d8                fabsf
 *fill*         0x00000000080091e6        0x2 
 .text.floorf   0x00000000080091e8       0x84 c:/st/stm32cubeide_1.2.0/stm32cubeide/plugins/com.st.stm32cube.ide.mcu.externaltools.gnu-tools-for-stm32.7-2018-q2-update.win32_1.0.0.201904181610/tools/bin/../lib/gcc/arm-none-eabi/7.3.1/../../../../arm-none-eabi/lib/thumb/v7e-m/fpv4-sp/hard\libm.a(lib_a-sf_floor.o)
                0x00000000080091e8                floorf
 .text.scalbnf  0x000000000800926c       0xc0 c:/st/stm32cubeide_1.2.0/stm32cubeide/plugins/com.st.stm32cube.ide.mcu.externaltools.gnu-tools-for-stm32.7-2018-q2-update.win32_1.0.0.201904181610/tools/bin/../lib/gcc/arm-none-eabi/7.3.1/../../../../arm-none-eabi/lib/thumb/v7e-m/fpv4-sp/hard\libm.a(lib_a-sf_scalbn.o)
                0x000000000800926c                scalbnf
 .text.copysignf
                0x000000000800932c       0x18 c:/st/stm32cubeide_1.2.0/stm32cubeide/plugins/com.st.stm32cube.ide.mcu.externaltools.gnu-tools-for-stm32.7-2018-q2-update.win32_1.0.0.201904181610/tools/bin/../lib/gcc/arm-none-eabi/7.3.1/../../../../arm-none-eabi/lib/thumb/v7e-m/fpv4-sp/hard\libm.a(lib_a-sf_copysign.o)
                0x000000000800932c                copysignf
 *(.glue_7)
 .glue_7        0x0000000008009344        0x0 linker stubs
 *(.glue_7t)
 .glue_7t       0x0000000008009344        0x0 linker stubs
 *(.eh_frame)
 .eh_frame      0x0000000008009344        0x0 c:/st/stm32cubeide_1.2.0/stm32cubeide/plugins/com.st.stm32cube.ide.mcu.externaltools.gnu-tools-for-stm32.7-2018-q2-update.win32_1.0.0.201904181610/tools/bin/../lib/gcc/arm-none-eabi/7.3.1/thumb/v7e-m/fpv4-sp/hard/crtbegin.o
 *(.init)
 .init          0x0000000008009344        0x4 c:/st/stm32cubeide_1.2.0/stm32cubeide/plugins/com.st.stm32cube.ide.mcu.externaltools.gnu-tools-for-stm32.7-2018-q2-update.win32_1.0.0.201904181610/tools/bin/../lib/gcc/arm-none-eabi/7.3.1/thumb/v7e-m/fpv4-sp/hard/crti.o
                0x0000000008009344                _init
 .init          0x0000000008009348        0x8 c:/st/stm32cubeide_1.2.0/stm32cubeide/plugins/com.st.stm32cube.ide.mcu.externaltools.gnu-tools-for-stm32.7-2018-q2-update.win32_1.0.0.201904181610/tools/bin/../lib/gcc/arm-none-eabi/7.3.1/thumb/v7e-m/fpv4-sp/hard/crtn.o
 *(.fini)
 .fini          0x0000000008009350        0x4 c:/st/stm32cubeide_1.2.0/stm32cubeide/plugins/com.st.stm32cube.ide.mcu.externaltools.gnu-tools-for-stm32.7-2018-q2-update.win32_1.0.0.201904181610/tools/bin/../lib/gcc/arm-none-eabi/7.3.1/thumb/v7e-m/fpv4-sp/hard/crti.o
                0x0000000008009350                _fini
 .fini          0x0000000008009354        0x8 c:/st/stm32cubeide_1.2.0/stm32cubeide/plugins/com.st.stm32cube.ide.mcu.externaltools.gnu-tools-for-stm32.7-2018-q2-update.win32_1.0.0.201904181610/tools/bin/../lib/gcc/arm-none-eabi/7.3.1/thumb/v7e-m/fpv4-sp/hard/crtn.o
                0x000000000800935c                . = ALIGN (0x4)
                0x000000000800935c                _etext = .

.vfp11_veneer   0x000000000800935c        0x0
 .vfp11_veneer  0x000000000800935c        0x0 linker stubs

.v4_bx          0x000000000800935c        0x0
 .v4_bx         0x000000000800935c        0x0 linker stubs

.iplt           0x000000000800935c        0x0
 .iplt          0x000000000800935c        0x0 c:/st/stm32cubeide_1.2.0/stm32cubeide/plugins/com.st.stm32cube.ide.mcu.externaltools.gnu-tools-for-stm32.7-2018-q2-update.win32_1.0.0.201904181610/tools/bin/../lib/gcc/arm-none-eabi/7.3.1/thumb/v7e-m/fpv4-sp/hard/crtbegin.o

.rodata         0x000000000800935c      0x730
                0x000000000800935c                . = ALIGN (0x4)
 *(.rodata)
 .rodata        0x000000000800935c      0x27a Core/Src/main.o
 *fill*         0x00000000080095d6        0x2 
 .rodata        0x00000000080095d8       0x44 Middlewares/Third_Party/FatFs/src/ff.o
 *(.rodata*)
 .rodata.AHBPrescTable
                0x000000000800961c       0x10 Core/Src/system_stm32f4xx.o
                0x000000000800961c                AHBPrescTable
 .rodata.APBPrescTable
                0x000000000800962c        0x8 Core/Src/system_stm32f4xx.o
                0x000000000800962c                APBPrescTable
 .rodata.flagBitshiftOffset.8528
                0x0000000008009634        0x8 Drivers/STM32F4xx_HAL_Driver/Src/stm32f4xx_hal_dma.o
 .rodata.ExCvt  0x000000000800963c       0x80 Middlewares/Third_Party/FatFs/src/ff.o
 .rodata.npio2_hw
                0x00000000080096bc       0x80 c:/st/stm32cubeide_1.2.0/stm32cubeide/plugins/com.st.stm32cube.ide.mcu.externaltools.gnu-tools-for-stm32.7-2018-q2-update.win32_1.0.0.201904181610/tools/bin/../lib/gcc/arm-none-eabi/7.3.1/../../../../arm-none-eabi/lib/thumb/v7e-m/fpv4-sp/hard\libm.a(lib_a-ef_rem_pio2.o)
 .rodata.two_over_pi
                0x000000000800973c      0x318 c:/st/stm32cubeide_1.2.0/stm32cubeide/plugins/com.st.stm32cube.ide.mcu.externaltools.gnu-tools-for-stm32.7-2018-q2-update.win32_1.0.0.201904181610/tools/bin/../lib/gcc/arm-none-eabi/7.3.1/../../../../arm-none-eabi/lib/thumb/v7e-m/fpv4-sp/hard\libm.a(lib_a-ef_rem_pio2.o)
 .rodata.PIo2   0x0000000008009a54       0x2c c:/st/stm32cubeide_1.2.0/stm32cubeide/plugins/com.st.stm32cube.ide.mcu.externaltools.gnu-tools-for-stm32.7-2018-q2-update.win32_1.0.0.201904181610/tools/bin/../lib/gcc/arm-none-eabi/7.3.1/../../../../arm-none-eabi/lib/thumb/v7e-m/fpv4-sp/hard\libm.a(lib_a-kf_rem_pio2.o)
 .rodata.init_jk
                0x0000000008009a80        0xc c:/st/stm32cubeide_1.2.0/stm32cubeide/plugins/com.st.stm32cube.ide.mcu.externaltools.gnu-tools-for-stm32.7-2018-q2-update.win32_1.0.0.201904181610/tools/bin/../lib/gcc/arm-none-eabi/7.3.1/../../../../arm-none-eabi/lib/thumb/v7e-m/fpv4-sp/hard\libm.a(lib_a-kf_rem_pio2.o)
                0x0000000008009a8c                . = ALIGN (0x4)

.ARM.extab      0x0000000008009a8c        0x0
                0x0000000008009a8c                . = ALIGN (0x4)
 *(.ARM.extab* .gnu.linkonce.armextab.*)
                0x0000000008009a8c                . = ALIGN (0x4)

.ARM            0x0000000008009a8c        0x8
                0x0000000008009a8c                . = ALIGN (0x4)
                0x0000000008009a8c                __exidx_start = .
 *(.ARM.exidx*)
 .ARM.exidx     0x0000000008009a8c        0x8 c:/st/stm32cubeide_1.2.0/stm32cubeide/plugins/com.st.stm32cube.ide.mcu.externaltools.gnu-tools-for-stm32.7-2018-q2-update.win32_1.0.0.201904181610/tools/bin/../lib/gcc/arm-none-eabi/7.3.1/thumb/v7e-m/fpv4-sp/hard\libgcc.a(_udivmoddi4.o)
                0x0000000008009a94                __exidx_end = .
                0x0000000008009a94                . = ALIGN (0x4)

.rel.dyn        0x0000000008009a94        0x0
 .rel.iplt      0x0000000008009a94        0x0 c:/st/stm32cubeide_1.2.0/stm32cubeide/plugins/com.st.stm32cube.ide.mcu.externaltools.gnu-tools-for-stm32.7-2018-q2-update.win32_1.0.0.201904181610/tools/bin/../lib/gcc/arm-none-eabi/7.3.1/thumb/v7e-m/fpv4-sp/hard/crtbegin.o

.preinit_array  0x0000000008009a94        0x0
                0x0000000008009a94                . = ALIGN (0x4)
                0x0000000008009a94                PROVIDE (__preinit_array_start = .)
 *(.preinit_array*)
                0x0000000008009a94                PROVIDE (__preinit_array_end = .)
                0x0000000008009a94                . = ALIGN (0x4)

.init_array     0x0000000008009a94        0x4
                0x0000000008009a94                . = ALIGN (0x4)
                0x0000000008009a94                PROVIDE (__init_array_start = .)
 *(SORT_BY_NAME(.init_array.*))
 *(.init_array*)
 .init_array    0x0000000008009a94        0x4 c:/st/stm32cubeide_1.2.0/stm32cubeide/plugins/com.st.stm32cube.ide.mcu.externaltools.gnu-tools-for-stm32.7-2018-q2-update.win32_1.0.0.201904181610/tools/bin/../lib/gcc/arm-none-eabi/7.3.1/thumb/v7e-m/fpv4-sp/hard/crtbegin.o
                0x0000000008009a98                PROVIDE (__init_array_end = .)
                0x0000000008009a98                . = ALIGN (0x4)

.fini_array     0x0000000008009a98        0x4
                0x0000000008009a98                . = ALIGN (0x4)
                [!provide]                        PROVIDE (__fini_array_start = .)
 *(SORT_BY_NAME(.fini_array.*))
 *(.fini_array*)
 .fini_array    0x0000000008009a98        0x4 c:/st/stm32cubeide_1.2.0/stm32cubeide/plugins/com.st.stm32cube.ide.mcu.externaltools.gnu-tools-for-stm32.7-2018-q2-update.win32_1.0.0.201904181610/tools/bin/../lib/gcc/arm-none-eabi/7.3.1/thumb/v7e-m/fpv4-sp/hard/crtbegin.o
                [!provide]                        PROVIDE (__fini_array_end = .)
                0x0000000008009a9c                . = ALIGN (0x4)
                0x0000000008009a9c                _sidata = LOADADDR (.data)

.data           0x0000000020000000       0x24 load address 0x0000000008009a9c
                0x0000000020000000                . = ALIGN (0x4)
                0x0000000020000000                _sdata = .
 *(.data)
 *(.data*)
 .data.avg      0x0000000020000000        0x4 Core/Src/main.o
                0x0000000020000000                avg
 .data.SystemCoreClock
                0x0000000020000004        0x4 Core/Src/system_stm32f4xx.o
                0x0000000020000004                SystemCoreClock
 .data.uwTickPrio
                0x0000000020000008        0x4 Drivers/STM32F4xx_HAL_Driver/Src/stm32f4xx_hal.o
                0x0000000020000008                uwTickPrio
 .data.uwTickFreq
                0x000000002000000c        0x1 Drivers/STM32F4xx_HAL_Driver/Src/stm32f4xx_hal.o
                0x000000002000000c                uwTickFreq
 .data.Stat     0x000000002000000d        0x1 FATFS/Target/user_diskio.o
 *fill*         0x000000002000000e        0x2 
 .data.USER_Driver
                0x0000000020000010       0x14 FATFS/Target/user_diskio.o
                0x0000000020000010                USER_Driver
                0x0000000020000024                . = ALIGN (0x4)
                0x0000000020000024                _edata = .

.igot.plt       0x0000000020000024        0x0 load address 0x0000000008009ac0
 .igot.plt      0x0000000020000024        0x0 c:/st/stm32cubeide_1.2.0/stm32cubeide/plugins/com.st.stm32cube.ide.mcu.externaltools.gnu-tools-for-stm32.7-2018-q2-update.win32_1.0.0.201904181610/tools/bin/../lib/gcc/arm-none-eabi/7.3.1/thumb/v7e-m/fpv4-sp/hard/crtbegin.o
                0x0000000020000024                . = ALIGN (0x4)

.bss            0x0000000020000024     0x1e00 load address 0x0000000008009ac0
                0x0000000020000024                _sbss = .
                0x0000000020000024                __bss_start__ = _sbss
 *(.bss)
 .bss           0x0000000020000024       0x1c c:/st/stm32cubeide_1.2.0/stm32cubeide/plugins/com.st.stm32cube.ide.mcu.externaltools.gnu-tools-for-stm32.7-2018-q2-update.win32_1.0.0.201904181610/tools/bin/../lib/gcc/arm-none-eabi/7.3.1/thumb/v7e-m/fpv4-sp/hard/crtbegin.o
 *(.bss*)
 .bss.savestart
                0x0000000020000040        0x1 Core/Src/main.o
                0x0000000020000040                savestart
 .bss.savemid   0x0000000020000041        0x1 Core/Src/main.o
                0x0000000020000041                savemid
 *fill*         0x0000000020000042        0x2 
 .bss.FatFs     0x0000000020000044        0x4 Middlewares/Third_Party/FatFs/src/ff.o
 .bss.Fsid      0x0000000020000048        0x2 Middlewares/Third_Party/FatFs/src/ff.o
 *fill*         0x000000002000004a        0x2 
 .bss.Files     0x000000002000004c       0x20 Middlewares/Third_Party/FatFs/src/ff.o
 .bss.disk      0x000000002000006c        0xc Middlewares/Third_Party/FatFs/src/ff_gen_drv.o
                0x000000002000006c                disk
 *(COMMON)
 COMMON         0x0000000020000078     0x173c Core/Src/main.o
                0x0000000020000078                buttTwo
                0x000000002000007c                ticky
                0x0000000020000080                hspi2
                0x00000000200000d8                Rf
                0x00000000200000dc                numavg
                0x00000000200000e0                buttOne
                0x00000000200000e4                fs
                0x0000000020000314                hadc2
                0x000000002000035c                rec_buffer
                0x000000002000075c                out_buffer
                0x0000000020000b5c                accumulator
                0x0000000020000b60                temp_sample
                0x0000000020000b64                wave
                0x0000000020000b68                buttStop
                0x0000000020000b6c                state
                0x0000000020000b70                hdma_dac1
                0x0000000020000bd0                exti
                0x0000000020000bd4                buttThree
                0x0000000020000bd8                sdfile
                0x0000000020000e08                exti_start
                0x0000000020000e0c                hdma_usart2_tx
                0x0000000020000e6c                hdac
                0x0000000020000e80                dac_buffer
                0x0000000020001680                htim6
                0x00000000200016c0                Ri
                0x00000000200016c4                state_start
                0x00000000200016c8                htim2
                0x0000000020001708                huart2
                0x0000000020001748                hdma_adc2
                0x00000000200017a8                fres
                0x00000000200017ac                smooth_sample
                0x00000000200017b0                buttRec
 COMMON         0x00000000200017b4      0x204 Core/Src/sinewave.o
                0x00000000200017b4                offset_523hz
                0x00000000200017b6                offset_440hz
                0x00000000200017b8                sintab
 COMMON         0x00000000200019b8        0x4 Drivers/STM32F4xx_HAL_Driver/Src/stm32f4xx_hal.o
                0x00000000200019b8                uwTick
 COMMON         0x00000000200019bc      0x468 FATFS/App/fatfs.o
                0x00000000200019bc                USERPath
                0x00000000200019c0                retUSER
                0x00000000200019c4                USERFile
                0x0000000020001bf4                USERFatFS
                0x0000000020001e24                . = ALIGN (0x4)
                0x0000000020001e24                _ebss = .
                0x0000000020001e24                __bss_end__ = _ebss

._user_heap_stack
                0x0000000020001e24      0x604 load address 0x0000000008009ac0
                0x0000000020001e28                . = ALIGN (0x8)
 *fill*         0x0000000020001e24        0x4 
                0x0000000020001e28                PROVIDE (end = .)
                [!provide]                        PROVIDE (_end = .)
                0x0000000020002028                . = (. + _Min_Heap_Size)
 *fill*         0x0000000020001e28      0x200 
                0x0000000020002428                . = (. + _Min_Stack_Size)
 *fill*         0x0000000020002028      0x400 
                0x0000000020002428                . = ALIGN (0x8)

/DISCARD/
 libc.a(*)
 libm.a(*)
 libgcc.a(*)

.ARM.attributes
                0x0000000000000000       0x30
 *(.ARM.attributes)
 .ARM.attributes
                0x0000000000000000       0x22 c:/st/stm32cubeide_1.2.0/stm32cubeide/plugins/com.st.stm32cube.ide.mcu.externaltools.gnu-tools-for-stm32.7-2018-q2-update.win32_1.0.0.201904181610/tools/bin/../lib/gcc/arm-none-eabi/7.3.1/thumb/v7e-m/fpv4-sp/hard/crti.o
 .ARM.attributes
                0x0000000000000022       0x34 c:/st/stm32cubeide_1.2.0/stm32cubeide/plugins/com.st.stm32cube.ide.mcu.externaltools.gnu-tools-for-stm32.7-2018-q2-update.win32_1.0.0.201904181610/tools/bin/../lib/gcc/arm-none-eabi/7.3.1/thumb/v7e-m/fpv4-sp/hard/crtbegin.o
 .ARM.attributes
                0x0000000000000056       0x39 Core/Src/main.o
 .ARM.attributes
                0x000000000000008f       0x39 Core/Src/sd.o
 .ARM.attributes
                0x00000000000000c8       0x39 Core/Src/sinewave.o
 .ARM.attributes
                0x0000000000000101       0x39 Core/Src/stm32f4xx_hal_msp.o
 .ARM.attributes
                0x000000000000013a       0x39 Core/Src/stm32f4xx_it.o
 .ARM.attributes
                0x0000000000000173       0x39 Core/Src/system_stm32f4xx.o
 .ARM.attributes
                0x00000000000001ac       0x21 Core/Startup/startup_stm32f446retx.o
 .ARM.attributes
                0x00000000000001cd       0x39 Drivers/STM32F4xx_HAL_Driver/Src/stm32f4xx_hal.o
 .ARM.attributes
                0x0000000000000206       0x39 Drivers/STM32F4xx_HAL_Driver/Src/stm32f4xx_hal_adc.o
 .ARM.attributes
                0x000000000000023f       0x39 Drivers/STM32F4xx_HAL_Driver/Src/stm32f4xx_hal_cortex.o
 .ARM.attributes
                0x0000000000000278       0x39 Drivers/STM32F4xx_HAL_Driver/Src/stm32f4xx_hal_dac.o
 .ARM.attributes
                0x00000000000002b1       0x39 Drivers/STM32F4xx_HAL_Driver/Src/stm32f4xx_hal_dac_ex.o
 .ARM.attributes
                0x00000000000002ea       0x39 Drivers/STM32F4xx_HAL_Driver/Src/stm32f4xx_hal_dma.o
 .ARM.attributes
                0x0000000000000323       0x39 Drivers/STM32F4xx_HAL_Driver/Src/stm32f4xx_hal_gpio.o
 .ARM.attributes
                0x000000000000035c       0x39 Drivers/STM32F4xx_HAL_Driver/Src/stm32f4xx_hal_rcc.o
 .ARM.attributes
                0x0000000000000395       0x39 Drivers/STM32F4xx_HAL_Driver/Src/stm32f4xx_hal_rcc_ex.o
 .ARM.attributes
                0x00000000000003ce       0x39 Drivers/STM32F4xx_HAL_Driver/Src/stm32f4xx_hal_spi.o
 .ARM.attributes
                0x0000000000000407       0x39 Drivers/STM32F4xx_HAL_Driver/Src/stm32f4xx_hal_tim.o
 .ARM.attributes
                0x0000000000000440       0x39 Drivers/STM32F4xx_HAL_Driver/Src/stm32f4xx_hal_tim_ex.o
 .ARM.attributes
                0x0000000000000479       0x39 Drivers/STM32F4xx_HAL_Driver/Src/stm32f4xx_hal_uart.o
 .ARM.attributes
                0x00000000000004b2       0x39 FATFS/App/fatfs.o
 .ARM.attributes
                0x00000000000004eb       0x39 FATFS/Target/user_diskio.o
 .ARM.attributes
                0x0000000000000524       0x39 Middlewares/Third_Party/FatFs/src/diskio.o
 .ARM.attributes
                0x000000000000055d       0x39 Middlewares/Third_Party/FatFs/src/ff.o
 .ARM.attributes
                0x0000000000000596       0x39 Middlewares/Third_Party/FatFs/src/ff_gen_drv.o
 .ARM.attributes
                0x00000000000005cf       0x34 c:/st/stm32cubeide_1.2.0/stm32cubeide/plugins/com.st.stm32cube.ide.mcu.externaltools.gnu-tools-for-stm32.7-2018-q2-update.win32_1.0.0.201904181610/tools/bin/../lib/gcc/arm-none-eabi/7.3.1/../../../../arm-none-eabi/lib/thumb/v7e-m/fpv4-sp/hard\libc_nano.a(lib_a-init.o)
 .ARM.attributes
                0x0000000000000603       0x34 c:/st/stm32cubeide_1.2.0/stm32cubeide/plugins/com.st.stm32cube.ide.mcu.externaltools.gnu-tools-for-stm32.7-2018-q2-update.win32_1.0.0.201904181610/tools/bin/../lib/gcc/arm-none-eabi/7.3.1/../../../../arm-none-eabi/lib/thumb/v7e-m/fpv4-sp/hard\libc_nano.a(lib_a-memset.o)
 .ARM.attributes
                0x0000000000000637       0x34 c:/st/stm32cubeide_1.2.0/stm32cubeide/plugins/com.st.stm32cube.ide.mcu.externaltools.gnu-tools-for-stm32.7-2018-q2-update.win32_1.0.0.201904181610/tools/bin/../lib/gcc/arm-none-eabi/7.3.1/../../../../arm-none-eabi/lib/thumb/v7e-m/fpv4-sp/hard\libm.a(lib_a-sf_sin.o)
 .ARM.attributes
                0x000000000000066b       0x34 c:/st/stm32cubeide_1.2.0/stm32cubeide/plugins/com.st.stm32cube.ide.mcu.externaltools.gnu-tools-for-stm32.7-2018-q2-update.win32_1.0.0.201904181610/tools/bin/../lib/gcc/arm-none-eabi/7.3.1/../../../../arm-none-eabi/lib/thumb/v7e-m/fpv4-sp/hard\libm.a(lib_a-ef_rem_pio2.o)
 .ARM.attributes
                0x000000000000069f       0x34 c:/st/stm32cubeide_1.2.0/stm32cubeide/plugins/com.st.stm32cube.ide.mcu.externaltools.gnu-tools-for-stm32.7-2018-q2-update.win32_1.0.0.201904181610/tools/bin/../lib/gcc/arm-none-eabi/7.3.1/../../../../arm-none-eabi/lib/thumb/v7e-m/fpv4-sp/hard\libm.a(lib_a-kf_cos.o)
 .ARM.attributes
                0x00000000000006d3       0x34 c:/st/stm32cubeide_1.2.0/stm32cubeide/plugins/com.st.stm32cube.ide.mcu.externaltools.gnu-tools-for-stm32.7-2018-q2-update.win32_1.0.0.201904181610/tools/bin/../lib/gcc/arm-none-eabi/7.3.1/../../../../arm-none-eabi/lib/thumb/v7e-m/fpv4-sp/hard\libm.a(lib_a-kf_rem_pio2.o)
 .ARM.attributes
                0x0000000000000707       0x34 c:/st/stm32cubeide_1.2.0/stm32cubeide/plugins/com.st.stm32cube.ide.mcu.externaltools.gnu-tools-for-stm32.7-2018-q2-update.win32_1.0.0.201904181610/tools/bin/../lib/gcc/arm-none-eabi/7.3.1/../../../../arm-none-eabi/lib/thumb/v7e-m/fpv4-sp/hard\libm.a(lib_a-kf_sin.o)
 .ARM.attributes
                0x000000000000073b       0x34 c:/st/stm32cubeide_1.2.0/stm32cubeide/plugins/com.st.stm32cube.ide.mcu.externaltools.gnu-tools-for-stm32.7-2018-q2-update.win32_1.0.0.201904181610/tools/bin/../lib/gcc/arm-none-eabi/7.3.1/../../../../arm-none-eabi/lib/thumb/v7e-m/fpv4-sp/hard\libm.a(lib_a-sf_fabs.o)
 .ARM.attributes
                0x000000000000076f       0x34 c:/st/stm32cubeide_1.2.0/stm32cubeide/plugins/com.st.stm32cube.ide.mcu.externaltools.gnu-tools-for-stm32.7-2018-q2-update.win32_1.0.0.201904181610/tools/bin/../lib/gcc/arm-none-eabi/7.3.1/../../../../arm-none-eabi/lib/thumb/v7e-m/fpv4-sp/hard\libm.a(lib_a-sf_floor.o)
 .ARM.attributes
                0x00000000000007a3       0x34 c:/st/stm32cubeide_1.2.0/stm32cubeide/plugins/com.st.stm32cube.ide.mcu.externaltools.gnu-tools-for-stm32.7-2018-q2-update.win32_1.0.0.201904181610/tools/bin/../lib/gcc/arm-none-eabi/7.3.1/../../../../arm-none-eabi/lib/thumb/v7e-m/fpv4-sp/hard\libm.a(lib_a-sf_scalbn.o)
 .ARM.attributes
                0x00000000000007d7       0x34 c:/st/stm32cubeide_1.2.0/stm32cubeide/plugins/com.st.stm32cube.ide.mcu.externaltools.gnu-tools-for-stm32.7-2018-q2-update.win32_1.0.0.201904181610/tools/bin/../lib/gcc/arm-none-eabi/7.3.1/../../../../arm-none-eabi/lib/thumb/v7e-m/fpv4-sp/hard\libm.a(lib_a-sf_copysign.o)
 .ARM.attributes
                0x000000000000080b       0x22 c:/st/stm32cubeide_1.2.0/stm32cubeide/plugins/com.st.stm32cube.ide.mcu.externaltools.gnu-tools-for-stm32.7-2018-q2-update.win32_1.0.0.201904181610/tools/bin/../lib/gcc/arm-none-eabi/7.3.1/thumb/v7e-m/fpv4-sp/hard\libgcc.a(_aeabi_uldivmod.o)
 .ARM.attributes
                0x000000000000082d       0x34 c:/st/stm32cubeide_1.2.0/stm32cubeide/plugins/com.st.stm32cube.ide.mcu.externaltools.gnu-tools-for-stm32.7-2018-q2-update.win32_1.0.0.201904181610/tools/bin/../lib/gcc/arm-none-eabi/7.3.1/thumb/v7e-m/fpv4-sp/hard\libgcc.a(_udivmoddi4.o)
 .ARM.attributes
                0x0000000000000861       0x22 c:/st/stm32cubeide_1.2.0/stm32cubeide/plugins/com.st.stm32cube.ide.mcu.externaltools.gnu-tools-for-stm32.7-2018-q2-update.win32_1.0.0.201904181610/tools/bin/../lib/gcc/arm-none-eabi/7.3.1/thumb/v7e-m/fpv4-sp/hard\libgcc.a(_dvmd_tls.o)
 .ARM.attributes
                0x0000000000000883       0x22 c:/st/stm32cubeide_1.2.0/stm32cubeide/plugins/com.st.stm32cube.ide.mcu.externaltools.gnu-tools-for-stm32.7-2018-q2-update.win32_1.0.0.201904181610/tools/bin/../lib/gcc/arm-none-eabi/7.3.1/thumb/v7e-m/fpv4-sp/hard/crtn.o
OUTPUT(edesign_2020_21785155.elf elf32-littlearm)

.debug_info     0x0000000000000000    0x17551
 .debug_info    0x0000000000000000     0x2a3e Core/Src/main.o
 .debug_info    0x0000000000002a3e      0x9f6 Core/Src/sd.o
 .debug_info    0x0000000000003434      0x9ef Core/Src/sinewave.o
 .debug_info    0x0000000000003e23     0x148a Core/Src/stm32f4xx_hal_msp.o
 .debug_info    0x00000000000052ad      0x518 Core/Src/stm32f4xx_it.o
 .debug_info    0x00000000000057c5      0x588 Core/Src/system_stm32f4xx.o
 .debug_info    0x0000000000005d4d       0x22 Core/Startup/startup_stm32f446retx.o
 .debug_info    0x0000000000005d6f      0x997 Drivers/STM32F4xx_HAL_Driver/Src/stm32f4xx_hal.o
 .debug_info    0x0000000000006706      0xcee Drivers/STM32F4xx_HAL_Driver/Src/stm32f4xx_hal_adc.o
 .debug_info    0x00000000000073f4      0xe46 Drivers/STM32F4xx_HAL_Driver/Src/stm32f4xx_hal_cortex.o
 .debug_info    0x000000000000823a      0xa3a Drivers/STM32F4xx_HAL_Driver/Src/stm32f4xx_hal_dac.o
 .debug_info    0x0000000000008c74      0x7c0 Drivers/STM32F4xx_HAL_Driver/Src/stm32f4xx_hal_dac_ex.o
 .debug_info    0x0000000000009434      0x968 Drivers/STM32F4xx_HAL_Driver/Src/stm32f4xx_hal_dma.o
 .debug_info    0x0000000000009d9c      0x803 Drivers/STM32F4xx_HAL_Driver/Src/stm32f4xx_hal_gpio.o
 .debug_info    0x000000000000a59f      0x944 Drivers/STM32F4xx_HAL_Driver/Src/stm32f4xx_hal_rcc.o
 .debug_info    0x000000000000aee3      0x9d5 Drivers/STM32F4xx_HAL_Driver/Src/stm32f4xx_hal_rcc_ex.o
 .debug_info    0x000000000000b8b8     0x163a Drivers/STM32F4xx_HAL_Driver/Src/stm32f4xx_hal_spi.o
 .debug_info    0x000000000000cef2     0x24a9 Drivers/STM32F4xx_HAL_Driver/Src/stm32f4xx_hal_tim.o
 .debug_info    0x000000000000f39b     0x1157 Drivers/STM32F4xx_HAL_Driver/Src/stm32f4xx_hal_tim_ex.o
 .debug_info    0x00000000000104f2     0x124c Drivers/STM32F4xx_HAL_Driver/Src/stm32f4xx_hal_uart.o
 .debug_info    0x000000000001173e      0xd81 FATFS/App/fatfs.o
 .debug_info    0x00000000000124bf      0xceb FATFS/Target/user_diskio.o
 .debug_info    0x00000000000131aa      0xcdc Middlewares/Third_Party/FatFs/src/diskio.o
 .debug_info    0x0000000000013e86     0x2a57 Middlewares/Third_Party/FatFs/src/ff.o
 .debug_info    0x00000000000168dd      0xc74 Middlewares/Third_Party/FatFs/src/ff_gen_drv.o

.debug_abbrev   0x0000000000000000     0x3229
 .debug_abbrev  0x0000000000000000      0x33d Core/Src/main.o
 .debug_abbrev  0x000000000000033d      0x1de Core/Src/sd.o
 .debug_abbrev  0x000000000000051b      0x1f6 Core/Src/sinewave.o
 .debug_abbrev  0x0000000000000711      0x1ef Core/Src/stm32f4xx_hal_msp.o
 .debug_abbrev  0x0000000000000900      0x17b Core/Src/stm32f4xx_it.o
 .debug_abbrev  0x0000000000000a7b      0x12b Core/Src/system_stm32f4xx.o
 .debug_abbrev  0x0000000000000ba6       0x12 Core/Startup/startup_stm32f446retx.o
 .debug_abbrev  0x0000000000000bb8      0x1c7 Drivers/STM32F4xx_HAL_Driver/Src/stm32f4xx_hal.o
 .debug_abbrev  0x0000000000000d7f      0x205 Drivers/STM32F4xx_HAL_Driver/Src/stm32f4xx_hal_adc.o
 .debug_abbrev  0x0000000000000f84      0x2fa Drivers/STM32F4xx_HAL_Driver/Src/stm32f4xx_hal_cortex.o
 .debug_abbrev  0x000000000000127e      0x1e4 Drivers/STM32F4xx_HAL_Driver/Src/stm32f4xx_hal_dac.o
 .debug_abbrev  0x0000000000001462      0x1e8 Drivers/STM32F4xx_HAL_Driver/Src/stm32f4xx_hal_dac_ex.o
 .debug_abbrev  0x000000000000164a      0x229 Drivers/STM32F4xx_HAL_Driver/Src/stm32f4xx_hal_dma.o
 .debug_abbrev  0x0000000000001873      0x1c9 Drivers/STM32F4xx_HAL_Driver/Src/stm32f4xx_hal_gpio.o
 .debug_abbrev  0x0000000000001a3c      0x245 Drivers/STM32F4xx_HAL_Driver/Src/stm32f4xx_hal_rcc.o
 .debug_abbrev  0x0000000000001c81      0x1bc Drivers/STM32F4xx_HAL_Driver/Src/stm32f4xx_hal_rcc_ex.o
 .debug_abbrev  0x0000000000001e3d      0x240 Drivers/STM32F4xx_HAL_Driver/Src/stm32f4xx_hal_spi.o
 .debug_abbrev  0x000000000000207d      0x230 Drivers/STM32F4xx_HAL_Driver/Src/stm32f4xx_hal_tim.o
 .debug_abbrev  0x00000000000022ad      0x21e Drivers/STM32F4xx_HAL_Driver/Src/stm32f4xx_hal_tim_ex.o
 .debug_abbrev  0x00000000000024cb      0x242 Drivers/STM32F4xx_HAL_Driver/Src/stm32f4xx_hal_uart.o
 .debug_abbrev  0x000000000000270d      0x1df FATFS/App/fatfs.o
 .debug_abbrev  0x00000000000028ec      0x259 FATFS/Target/user_diskio.o
 .debug_abbrev  0x0000000000002b45      0x209 Middlewares/Third_Party/FatFs/src/diskio.o
 .debug_abbrev  0x0000000000002d4e      0x2a5 Middlewares/Third_Party/FatFs/src/ff.o
 .debug_abbrev  0x0000000000002ff3      0x236 Middlewares/Third_Party/FatFs/src/ff_gen_drv.o

.debug_aranges  0x0000000000000000     0x13f8
 .debug_aranges
                0x0000000000000000       0x90 Core/Src/main.o
 .debug_aranges
                0x0000000000000090       0x60 Core/Src/sd.o
 .debug_aranges
                0x00000000000000f0       0x28 Core/Src/sinewave.o
 .debug_aranges
                0x0000000000000118       0x70 Core/Src/stm32f4xx_hal_msp.o
 .debug_aranges
                0x0000000000000188       0x88 Core/Src/stm32f4xx_it.o
 .debug_aranges
                0x0000000000000210       0x28 Core/Src/system_stm32f4xx.o
 .debug_aranges
                0x0000000000000238       0x28 Core/Startup/startup_stm32f446retx.o
 .debug_aranges
                0x0000000000000260       0xf0 Drivers/STM32F4xx_HAL_Driver/Src/stm32f4xx_hal.o
 .debug_aranges
                0x0000000000000350       0xe8 Drivers/STM32F4xx_HAL_Driver/Src/stm32f4xx_hal_adc.o
 .debug_aranges
                0x0000000000000438      0x118 Drivers/STM32F4xx_HAL_Driver/Src/stm32f4xx_hal_cortex.o
 .debug_aranges
                0x0000000000000550       0xc0 Drivers/STM32F4xx_HAL_Driver/Src/stm32f4xx_hal_dac.o
 .debug_aranges
                0x0000000000000610       0x70 Drivers/STM32F4xx_HAL_Driver/Src/stm32f4xx_hal_dac_ex.o
 .debug_aranges
                0x0000000000000680       0x90 Drivers/STM32F4xx_HAL_Driver/Src/stm32f4xx_hal_dma.o
 .debug_aranges
                0x0000000000000710       0x58 Drivers/STM32F4xx_HAL_Driver/Src/stm32f4xx_hal_gpio.o
 .debug_aranges
                0x0000000000000768       0x88 Drivers/STM32F4xx_HAL_Driver/Src/stm32f4xx_hal_rcc.o
 .debug_aranges
                0x00000000000007f0       0x78 Drivers/STM32F4xx_HAL_Driver/Src/stm32f4xx_hal_rcc_ex.o
 .debug_aranges
                0x0000000000000868      0x1d0 Drivers/STM32F4xx_HAL_Driver/Src/stm32f4xx_hal_spi.o
 .debug_aranges
                0x0000000000000a38      0x3a8 Drivers/STM32F4xx_HAL_Driver/Src/stm32f4xx_hal_tim.o
 .debug_aranges
                0x0000000000000de0      0x150 Drivers/STM32F4xx_HAL_Driver/Src/stm32f4xx_hal_tim_ex.o
 .debug_aranges
                0x0000000000000f30      0x1d0 Drivers/STM32F4xx_HAL_Driver/Src/stm32f4xx_hal_uart.o
 .debug_aranges
                0x0000000000001100       0x28 FATFS/App/fatfs.o
 .debug_aranges
                0x0000000000001128       0x40 FATFS/Target/user_diskio.o
 .debug_aranges
                0x0000000000001168       0x48 Middlewares/Third_Party/FatFs/src/diskio.o
 .debug_aranges
                0x00000000000011b0      0x208 Middlewares/Third_Party/FatFs/src/ff.o
 .debug_aranges
                0x00000000000013b8       0x40 Middlewares/Third_Party/FatFs/src/ff_gen_drv.o

.debug_ranges   0x0000000000000000     0x1270
 .debug_ranges  0x0000000000000000       0x80 Core/Src/main.o
 .debug_ranges  0x0000000000000080       0x50 Core/Src/sd.o
 .debug_ranges  0x00000000000000d0       0x18 Core/Src/sinewave.o
 .debug_ranges  0x00000000000000e8       0x60 Core/Src/stm32f4xx_hal_msp.o
 .debug_ranges  0x0000000000000148       0x78 Core/Src/stm32f4xx_it.o
 .debug_ranges  0x00000000000001c0       0x18 Core/Src/system_stm32f4xx.o
 .debug_ranges  0x00000000000001d8       0x20 Core/Startup/startup_stm32f446retx.o
 .debug_ranges  0x00000000000001f8       0xe0 Drivers/STM32F4xx_HAL_Driver/Src/stm32f4xx_hal.o
 .debug_ranges  0x00000000000002d8       0xd8 Drivers/STM32F4xx_HAL_Driver/Src/stm32f4xx_hal_adc.o
 .debug_ranges  0x00000000000003b0      0x108 Drivers/STM32F4xx_HAL_Driver/Src/stm32f4xx_hal_cortex.o
 .debug_ranges  0x00000000000004b8       0xb0 Drivers/STM32F4xx_HAL_Driver/Src/stm32f4xx_hal_dac.o
 .debug_ranges  0x0000000000000568       0x60 Drivers/STM32F4xx_HAL_Driver/Src/stm32f4xx_hal_dac_ex.o
 .debug_ranges  0x00000000000005c8       0x80 Drivers/STM32F4xx_HAL_Driver/Src/stm32f4xx_hal_dma.o
 .debug_ranges  0x0000000000000648       0x48 Drivers/STM32F4xx_HAL_Driver/Src/stm32f4xx_hal_gpio.o
 .debug_ranges  0x0000000000000690       0x78 Drivers/STM32F4xx_HAL_Driver/Src/stm32f4xx_hal_rcc.o
 .debug_ranges  0x0000000000000708       0x68 Drivers/STM32F4xx_HAL_Driver/Src/stm32f4xx_hal_rcc_ex.o
 .debug_ranges  0x0000000000000770      0x1c0 Drivers/STM32F4xx_HAL_Driver/Src/stm32f4xx_hal_spi.o
 .debug_ranges  0x0000000000000930      0x398 Drivers/STM32F4xx_HAL_Driver/Src/stm32f4xx_hal_tim.o
 .debug_ranges  0x0000000000000cc8      0x140 Drivers/STM32F4xx_HAL_Driver/Src/stm32f4xx_hal_tim_ex.o
 .debug_ranges  0x0000000000000e08      0x1c0 Drivers/STM32F4xx_HAL_Driver/Src/stm32f4xx_hal_uart.o
 .debug_ranges  0x0000000000000fc8       0x18 FATFS/App/fatfs.o
 .debug_ranges  0x0000000000000fe0       0x30 FATFS/Target/user_diskio.o
 .debug_ranges  0x0000000000001010       0x38 Middlewares/Third_Party/FatFs/src/diskio.o
 .debug_ranges  0x0000000000001048      0x1f8 Middlewares/Third_Party/FatFs/src/ff.o
 .debug_ranges  0x0000000000001240       0x30 Middlewares/Third_Party/FatFs/src/ff_gen_drv.o

.debug_macro    0x0000000000000000    0x24a56
 .debug_macro   0x0000000000000000      0x356 Core/Src/main.o
 .debug_macro   0x0000000000000356      0xa5a Core/Src/main.o
 .debug_macro   0x0000000000000db0      0x19c Core/Src/main.o
 .debug_macro   0x0000000000000f4c       0x2e Core/Src/main.o
 .debug_macro   0x0000000000000f7a       0x28 Core/Src/main.o
 .debug_macro   0x0000000000000fa2       0x22 Core/Src/main.o
 .debug_macro   0x0000000000000fc4       0x8e Core/Src/main.o
 .debug_macro   0x0000000000001052       0x51 Core/Src/main.o
 .debug_macro   0x00000000000010a3       0xef Core/Src/main.o
 .debug_macro   0x0000000000001192       0x6a Core/Src/main.o
 .debug_macro   0x00000000000011fc      0x1df Core/Src/main.o
 .debug_macro   0x00000000000013db       0x1c Core/Src/main.o
 .debug_macro   0x00000000000013f7       0x22 Core/Src/main.o
 .debug_macro   0x0000000000001419       0xdf Core/Src/main.o
 .debug_macro   0x00000000000014f8     0x102d Core/Src/main.o
 .debug_macro   0x0000000000002525      0x11f Core/Src/main.o
 .debug_macro   0x0000000000002644    0x1672d Core/Src/main.o
 .debug_macro   0x0000000000018d71       0x43 Core/Src/main.o
 .debug_macro   0x0000000000018db4     0x3659 Core/Src/main.o
 .debug_macro   0x000000000001c40d      0x174 Core/Src/main.o
 .debug_macro   0x000000000001c581       0x5a Core/Src/main.o
 .debug_macro   0x000000000001c5db      0xc90 Core/Src/main.o
 .debug_macro   0x000000000001d26b      0x9fe Core/Src/main.o
 .debug_macro   0x000000000001dc69      0x16d Core/Src/main.o
 .debug_macro   0x000000000001ddd6      0x117 Core/Src/main.o
 .debug_macro   0x000000000001deed      0x1a0 Core/Src/main.o
 .debug_macro   0x000000000001e08d       0x27 Core/Src/main.o
 .debug_macro   0x000000000001e0b4      0x287 Core/Src/main.o
 .debug_macro   0x000000000001e33b       0x5f Core/Src/main.o
 .debug_macro   0x000000000001e39a      0x236 Core/Src/main.o
 .debug_macro   0x000000000001e5d0      0x391 Core/Src/main.o
 .debug_macro   0x000000000001e961      0x17d Core/Src/main.o
 .debug_macro   0x000000000001eade       0xf9 Core/Src/main.o
 .debug_macro   0x000000000001ebd7       0xea Core/Src/main.o
 .debug_macro   0x000000000001ecc1       0xa0 Core/Src/main.o
 .debug_macro   0x000000000001ed61       0x3c Core/Src/main.o
 .debug_macro   0x000000000001ed9d      0x132 Core/Src/main.o
 .debug_macro   0x000000000001eecf      0x29c Core/Src/main.o
 .debug_macro   0x000000000001f16b       0x2e Core/Src/main.o
 .debug_macro   0x000000000001f199      0x11a Core/Src/main.o
 .debug_macro   0x000000000001f2b3       0xe8 Core/Src/main.o
 .debug_macro   0x000000000001f39b       0x89 Core/Src/main.o
 .debug_macro   0x000000000001f424      0x225 Core/Src/main.o
 .debug_macro   0x000000000001f649      0x8a0 Core/Src/main.o
 .debug_macro   0x000000000001fee9       0x4d Core/Src/main.o
 .debug_macro   0x000000000001ff36      0x287 Core/Src/main.o
 .debug_macro   0x00000000000201bd      0x126 Core/Src/main.o
 .debug_macro   0x00000000000202e3       0x52 Core/Src/main.o
 .debug_macro   0x0000000000020335       0xeb Core/Src/main.o
 .debug_macro   0x0000000000020420       0x18 Core/Src/main.o
 .debug_macro   0x0000000000020438       0x46 Core/Src/main.o
 .debug_macro   0x000000000002047e       0x3c Core/Src/main.o
 .debug_macro   0x00000000000204ba       0x34 Core/Src/main.o
 .debug_macro   0x00000000000204ee       0x16 Core/Src/main.o
 .debug_macro   0x0000000000020504       0x35 Core/Src/main.o
 .debug_macro   0x0000000000020539       0x52 Core/Src/main.o
 .debug_macro   0x000000000002058b       0x1f Core/Src/main.o
 .debug_macro   0x00000000000205aa       0x43 Core/Src/main.o
 .debug_macro   0x00000000000205ed       0x20 Core/Src/main.o
 .debug_macro   0x000000000002060d      0x1a3 Core/Src/main.o
 .debug_macro   0x00000000000207b0      0x32a Core/Src/main.o
 .debug_macro   0x0000000000020ada       0x16 Core/Src/main.o
 .debug_macro   0x0000000000020af0       0x29 Core/Src/main.o
 .debug_macro   0x0000000000020b19       0x12 Core/Src/main.o
 .debug_macro   0x0000000000020b2b       0xe2 Core/Src/main.o
 .debug_macro   0x0000000000020c0d       0x8e Core/Src/main.o
 .debug_macro   0x0000000000020c9b      0x1e1 Core/Src/main.o
 .debug_macro   0x0000000000020e7c      0x219 Core/Src/sd.o
 .debug_macro   0x0000000000021095      0x100 Core/Src/sinewave.o
 .debug_macro   0x0000000000021195      0x219 Core/Src/stm32f4xx_hal_msp.o
 .debug_macro   0x00000000000213ae      0x22d Core/Src/stm32f4xx_it.o
 .debug_macro   0x00000000000215db      0x210 Core/Src/system_stm32f4xx.o
 .debug_macro   0x00000000000217eb      0x26a Drivers/STM32F4xx_HAL_Driver/Src/stm32f4xx_hal.o
 .debug_macro   0x0000000000021a55      0x20b Drivers/STM32F4xx_HAL_Driver/Src/stm32f4xx_hal_adc.o
 .debug_macro   0x0000000000021c60      0x20a Drivers/STM32F4xx_HAL_Driver/Src/stm32f4xx_hal_cortex.o
 .debug_macro   0x0000000000021e6a      0x20b Drivers/STM32F4xx_HAL_Driver/Src/stm32f4xx_hal_dac.o
 .debug_macro   0x0000000000022075      0x20a Drivers/STM32F4xx_HAL_Driver/Src/stm32f4xx_hal_dac_ex.o
 .debug_macro   0x000000000002227f      0x210 Drivers/STM32F4xx_HAL_Driver/Src/stm32f4xx_hal_dma.o
 .debug_macro   0x000000000002248f      0x240 Drivers/STM32F4xx_HAL_Driver/Src/stm32f4xx_hal_gpio.o
 .debug_macro   0x00000000000226cf      0x22e Drivers/STM32F4xx_HAL_Driver/Src/stm32f4xx_hal_rcc.o
 .debug_macro   0x00000000000228fd      0x20a Drivers/STM32F4xx_HAL_Driver/Src/stm32f4xx_hal_rcc_ex.o
 .debug_macro   0x0000000000022b07      0x219 Drivers/STM32F4xx_HAL_Driver/Src/stm32f4xx_hal_spi.o
 .debug_macro   0x0000000000022d20      0x20b Drivers/STM32F4xx_HAL_Driver/Src/stm32f4xx_hal_tim.o
 .debug_macro   0x0000000000022f2b      0x20a Drivers/STM32F4xx_HAL_Driver/Src/stm32f4xx_hal_tim_ex.o
 .debug_macro   0x0000000000023135      0x20b Drivers/STM32F4xx_HAL_Driver/Src/stm32f4xx_hal_uart.o
 .debug_macro   0x0000000000023340      0x331 FATFS/App/fatfs.o
 .debug_macro   0x0000000000023671       0xe5 FATFS/App/fatfs.o
 .debug_macro   0x0000000000023756      0x358 FATFS/Target/user_diskio.o
 .debug_macro   0x0000000000023aae       0x10 FATFS/Target/user_diskio.o
 .debug_macro   0x0000000000023abe       0x20 FATFS/Target/user_diskio.o
 .debug_macro   0x0000000000023ade       0x16 FATFS/Target/user_diskio.o
 .debug_macro   0x0000000000023af4       0x7c FATFS/Target/user_diskio.o
 .debug_macro   0x0000000000023b70       0xd9 FATFS/Target/user_diskio.o
 .debug_macro   0x0000000000023c49       0x54 FATFS/Target/user_diskio.o
 .debug_macro   0x0000000000023c9d      0x31e Middlewares/Third_Party/FatFs/src/diskio.o
 .debug_macro   0x0000000000023fbb      0x725 Middlewares/Third_Party/FatFs/src/ff.o
 .debug_macro   0x00000000000246e0       0x58 Middlewares/Third_Party/FatFs/src/ff.o
 .debug_macro   0x0000000000024738      0x31e Middlewares/Third_Party/FatFs/src/ff_gen_drv.o

.debug_line     0x0000000000000000    0x11673
 .debug_line    0x0000000000000000      0xcd0 Core/Src/main.o
 .debug_line    0x0000000000000cd0      0x8bd Core/Src/sd.o
 .debug_line    0x000000000000158d      0x506 Core/Src/sinewave.o
 .debug_line    0x0000000000001a93      0x85f Core/Src/stm32f4xx_hal_msp.o
 .debug_line    0x00000000000022f2      0x84d Core/Src/stm32f4xx_it.o
 .debug_line    0x0000000000002b3f      0x755 Core/Src/system_stm32f4xx.o
 .debug_line    0x0000000000003294       0x86 Core/Startup/startup_stm32f446retx.o
 .debug_line    0x000000000000331a      0x93f Drivers/STM32F4xx_HAL_Driver/Src/stm32f4xx_hal.o
 .debug_line    0x0000000000003c59      0xba6 Drivers/STM32F4xx_HAL_Driver/Src/stm32f4xx_hal_adc.o
 .debug_line    0x00000000000047ff      0xa63 Drivers/STM32F4xx_HAL_Driver/Src/stm32f4xx_hal_cortex.o
 .debug_line    0x0000000000005262      0x993 Drivers/STM32F4xx_HAL_Driver/Src/stm32f4xx_hal_dac.o
 .debug_line    0x0000000000005bf5      0x856 Drivers/STM32F4xx_HAL_Driver/Src/stm32f4xx_hal_dac_ex.o
 .debug_line    0x000000000000644b      0xa0d Drivers/STM32F4xx_HAL_Driver/Src/stm32f4xx_hal_dma.o
 .debug_line    0x0000000000006e58      0x90a Drivers/STM32F4xx_HAL_Driver/Src/stm32f4xx_hal_gpio.o
 .debug_line    0x0000000000007762      0x997 Drivers/STM32F4xx_HAL_Driver/Src/stm32f4xx_hal_rcc.o
 .debug_line    0x00000000000080f9      0xb28 Drivers/STM32F4xx_HAL_Driver/Src/stm32f4xx_hal_rcc_ex.o
 .debug_line    0x0000000000008c21     0x10fb Drivers/STM32F4xx_HAL_Driver/Src/stm32f4xx_hal_spi.o
 .debug_line    0x0000000000009d1c     0x19b8 Drivers/STM32F4xx_HAL_Driver/Src/stm32f4xx_hal_tim.o
 .debug_line    0x000000000000b6d4      0xd55 Drivers/STM32F4xx_HAL_Driver/Src/stm32f4xx_hal_tim_ex.o
 .debug_line    0x000000000000c429     0x104d Drivers/STM32F4xx_HAL_Driver/Src/stm32f4xx_hal_uart.o
 .debug_line    0x000000000000d476      0x912 FATFS/App/fatfs.o
 .debug_line    0x000000000000dd88      0x9d6 FATFS/Target/user_diskio.o
 .debug_line    0x000000000000e75e      0x93a Middlewares/Third_Party/FatFs/src/diskio.o
 .debug_line    0x000000000000f098     0x1ca1 Middlewares/Third_Party/FatFs/src/ff.o
 .debug_line    0x0000000000010d39      0x93a Middlewares/Third_Party/FatFs/src/ff_gen_drv.o

.debug_str      0x0000000000000000    0xd87cd
 .debug_str     0x0000000000000000    0xd3c1a Core/Src/main.o
                                      0xd4132 (size before relaxing)
 .debug_str     0x00000000000d3c1a       0x95 Core/Src/sd.o
                                      0xceecf (size before relaxing)
 .debug_str     0x00000000000d3caf       0x6f Core/Src/sinewave.o
                                       0x7783 (size before relaxing)
 .debug_str     0x00000000000d3d1e       0xf7 Core/Src/stm32f4xx_hal_msp.o
                                      0xcf653 (size before relaxing)
 .debug_str     0x00000000000d3e15      0x12d Core/Src/stm32f4xx_it.o
                                      0xced46 (size before relaxing)
 .debug_str     0x00000000000d3f42       0xc4 Core/Src/system_stm32f4xx.o
                                      0xcea3f (size before relaxing)
 .debug_str     0x00000000000d4006       0x36 Core/Startup/startup_stm32f446retx.o
                                         0x71 (size before relaxing)
 .debug_str     0x00000000000d403c      0x58d Drivers/STM32F4xx_HAL_Driver/Src/stm32f4xx_hal.o
                                      0xcf54d (size before relaxing)
 .debug_str     0x00000000000d45c9      0x267 Drivers/STM32F4xx_HAL_Driver/Src/stm32f4xx_hal_adc.o
                                      0xcefb1 (size before relaxing)
 .debug_str     0x00000000000d4830      0x392 Drivers/STM32F4xx_HAL_Driver/Src/stm32f4xx_hal_cortex.o
                                      0xcf317 (size before relaxing)
 .debug_str     0x00000000000d4bc2      0x181 Drivers/STM32F4xx_HAL_Driver/Src/stm32f4xx_hal_dac.o
                                      0xcee3e (size before relaxing)
 .debug_str     0x00000000000d4d43      0x164 Drivers/STM32F4xx_HAL_Driver/Src/stm32f4xx_hal_dac_ex.o
                                      0xced6e (size before relaxing)
 .debug_str     0x00000000000d4ea7      0x31d Drivers/STM32F4xx_HAL_Driver/Src/stm32f4xx_hal_dma.o
                                      0xcee2f (size before relaxing)
 .debug_str     0x00000000000d51c4      0x20c Drivers/STM32F4xx_HAL_Driver/Src/stm32f4xx_hal_gpio.o
                                      0xcec7e (size before relaxing)
 .debug_str     0x00000000000d53d0      0x259 Drivers/STM32F4xx_HAL_Driver/Src/stm32f4xx_hal_rcc.o
                                      0xcee31 (size before relaxing)
 .debug_str     0x00000000000d5629      0x31c Drivers/STM32F4xx_HAL_Driver/Src/stm32f4xx_hal_rcc_ex.o
                                      0xcee83 (size before relaxing)
 .debug_str     0x00000000000d5945      0x55a Drivers/STM32F4xx_HAL_Driver/Src/stm32f4xx_hal_spi.o
                                      0xcf288 (size before relaxing)
 .debug_str     0x00000000000d5e9f      0xd05 Drivers/STM32F4xx_HAL_Driver/Src/stm32f4xx_hal_tim.o
                                      0xcfb26 (size before relaxing)
 .debug_str     0x00000000000d6ba4      0x4a2 Drivers/STM32F4xx_HAL_Driver/Src/stm32f4xx_hal_tim_ex.o
                                      0xcf326 (size before relaxing)
 .debug_str     0x00000000000d7046      0x507 Drivers/STM32F4xx_HAL_Driver/Src/stm32f4xx_hal_uart.o
                                      0xcf266 (size before relaxing)
 .debug_str     0x00000000000d754d       0x2f FATFS/App/fatfs.o
                                      0xd2168 (size before relaxing)
 .debug_str     0x00000000000d757c       0xe4 FATFS/Target/user_diskio.o
                                      0xd213b (size before relaxing)
 .debug_str     0x00000000000d7660       0x52 Middlewares/Third_Party/FatFs/src/diskio.o
                                      0xd2088 (size before relaxing)
 .debug_str     0x00000000000d76b2     0x1079 Middlewares/Third_Party/FatFs/src/ff.o
                                      0xd32ad (size before relaxing)
 .debug_str     0x00000000000d872b       0xa2 Middlewares/Third_Party/FatFs/src/ff_gen_drv.o
                                      0xd20d9 (size before relaxing)

.comment        0x0000000000000000       0x7b
 .comment       0x0000000000000000       0x7b Core/Src/main.o
                                         0x7c (size before relaxing)
 .comment       0x000000000000007b       0x7c Core/Src/sd.o
 .comment       0x000000000000007b       0x7c Core/Src/sinewave.o
 .comment       0x000000000000007b       0x7c Core/Src/stm32f4xx_hal_msp.o
 .comment       0x000000000000007b       0x7c Core/Src/stm32f4xx_it.o
 .comment       0x000000000000007b       0x7c Core/Src/system_stm32f4xx.o
 .comment       0x000000000000007b       0x7c Drivers/STM32F4xx_HAL_Driver/Src/stm32f4xx_hal.o
 .comment       0x000000000000007b       0x7c Drivers/STM32F4xx_HAL_Driver/Src/stm32f4xx_hal_adc.o
 .comment       0x000000000000007b       0x7c Drivers/STM32F4xx_HAL_Driver/Src/stm32f4xx_hal_cortex.o
 .comment       0x000000000000007b       0x7c Drivers/STM32F4xx_HAL_Driver/Src/stm32f4xx_hal_dac.o
 .comment       0x000000000000007b       0x7c Drivers/STM32F4xx_HAL_Driver/Src/stm32f4xx_hal_dac_ex.o
 .comment       0x000000000000007b       0x7c Drivers/STM32F4xx_HAL_Driver/Src/stm32f4xx_hal_dma.o
 .comment       0x000000000000007b       0x7c Drivers/STM32F4xx_HAL_Driver/Src/stm32f4xx_hal_gpio.o
 .comment       0x000000000000007b       0x7c Drivers/STM32F4xx_HAL_Driver/Src/stm32f4xx_hal_rcc.o
 .comment       0x000000000000007b       0x7c Drivers/STM32F4xx_HAL_Driver/Src/stm32f4xx_hal_rcc_ex.o
 .comment       0x000000000000007b       0x7c Drivers/STM32F4xx_HAL_Driver/Src/stm32f4xx_hal_spi.o
 .comment       0x000000000000007b       0x7c Drivers/STM32F4xx_HAL_Driver/Src/stm32f4xx_hal_tim.o
 .comment       0x000000000000007b       0x7c Drivers/STM32F4xx_HAL_Driver/Src/stm32f4xx_hal_tim_ex.o
 .comment       0x000000000000007b       0x7c Drivers/STM32F4xx_HAL_Driver/Src/stm32f4xx_hal_uart.o
 .comment       0x000000000000007b       0x7c FATFS/App/fatfs.o
 .comment       0x000000000000007b       0x7c FATFS/Target/user_diskio.o
 .comment       0x000000000000007b       0x7c Middlewares/Third_Party/FatFs/src/diskio.o
 .comment       0x000000000000007b       0x7c Middlewares/Third_Party/FatFs/src/ff.o
 .comment       0x000000000000007b       0x7c Middlewares/Third_Party/FatFs/src/ff_gen_drv.o

.debug_frame    0x0000000000000000     0x552c
 .debug_frame   0x0000000000000000      0x218 Core/Src/main.o
 .debug_frame   0x0000000000000218      0x148 Core/Src/sd.o
 .debug_frame   0x0000000000000360       0x5c Core/Src/sinewave.o
 .debug_frame   0x00000000000003bc      0x1a4 Core/Src/stm32f4xx_hal_msp.o
 .debug_frame   0x0000000000000560      0x198 Core/Src/stm32f4xx_it.o
 .debug_frame   0x00000000000006f8       0x58 Core/Src/system_stm32f4xx.o
 .debug_frame   0x0000000000000750      0x374 Drivers/STM32F4xx_HAL_Driver/Src/stm32f4xx_hal.o
 .debug_frame   0x0000000000000ac4      0x3fc Drivers/STM32F4xx_HAL_Driver/Src/stm32f4xx_hal_adc.o
 .debug_frame   0x0000000000000ec0      0x498 Drivers/STM32F4xx_HAL_Driver/Src/stm32f4xx_hal_cortex.o
 .debug_frame   0x0000000000001358      0x338 Drivers/STM32F4xx_HAL_Driver/Src/stm32f4xx_hal_dac.o
 .debug_frame   0x0000000000001690      0x1bc Drivers/STM32F4xx_HAL_Driver/Src/stm32f4xx_hal_dac_ex.o
 .debug_frame   0x000000000000184c      0x250 Drivers/STM32F4xx_HAL_Driver/Src/stm32f4xx_hal_dma.o
 .debug_frame   0x0000000000001a9c      0x14c Drivers/STM32F4xx_HAL_Driver/Src/stm32f4xx_hal_gpio.o
 .debug_frame   0x0000000000001be8      0x1f0 Drivers/STM32F4xx_HAL_Driver/Src/stm32f4xx_hal_rcc.o
 .debug_frame   0x0000000000001dd8      0x1e0 Drivers/STM32F4xx_HAL_Driver/Src/stm32f4xx_hal_rcc_ex.o
 .debug_frame   0x0000000000001fb8      0x824 Drivers/STM32F4xx_HAL_Driver/Src/stm32f4xx_hal_spi.o
 .debug_frame   0x00000000000027dc     0x10f0 Drivers/STM32F4xx_HAL_Driver/Src/stm32f4xx_hal_tim.o
 .debug_frame   0x00000000000038cc      0x5c0 Drivers/STM32F4xx_HAL_Driver/Src/stm32f4xx_hal_tim_ex.o
 .debug_frame   0x0000000000003e8c      0x844 Drivers/STM32F4xx_HAL_Driver/Src/stm32f4xx_hal_uart.o