main.c:88:5:main	112	static
main.c:275:6:SystemClock_Config	88	static
main.c:320:13:MX_ADC2_Init	24	static
main.c:370:13:MX_DAC_Init	16	static
main.c:408:13:MX_TIM2_Init	32	static
main.c:453:13:MX_TIM6_Init	16	static
main.c:491:13:MX_USART2_UART_Init	8	static
main.c:522:13:MX_DMA_Init	16	static
main.c:547:13:MX_GPIO_Init	48	static
main.c:605:6:HAL_ADC_ConvCpltCallback	16	static
main.c:611:6:HAL_ADC_ConvHalfCpltCallback	16	static
main.c:617:6:HAL_DAC_ConvCpltCallbackCh1	24	static
main.c:623:6:HAL_DAC_ConvHalfCpltCallbackCh1	16	static
main.c:633:6:Error_Handler	4	static
