main.c:103:6:HAL_ADC_ConvCpltCallback	24	static
main.c:129:6:HAL_ADC_ConvHalfCpltCallback	24	static
main.c:155:6:HAL_DAC_ConvCpltCallbackCh1	24	static
main.c:161:6:HAL_DAC_ConvHalfCpltCallbackCh1	16	static
main.c:171:5:main	1176	static
main.c:451:6:SystemClock_Config	88	static
main.c:496:13:MX_ADC2_Init	24	static
main.c:546:13:MX_DAC_Init	16	static
main.c:584:13:MX_SPI2_Init	8	static
main.c:622:13:MX_TIM2_Init	32	static
main.c:667:13:MX_TIM6_Init	16	static
main.c:705:13:MX_USART2_UART_Init	8	static
main.c:736:13:MX_DMA_Init	16	static
main.c:761:13:MX_GPIO_Init	48	static
main.c:833:6:Error_Handler	4	static
