stm32f4xx_it.c:73:6:NMI_Handler	4	static
stm32f4xx_it.c:86:6:HardFault_Handler	4	static
stm32f4xx_it.c:101:6:MemManage_Handler	4	static
stm32f4xx_it.c:116:6:BusFault_Handler	4	static
stm32f4xx_it.c:131:6:UsageFault_Handler	4	static
stm32f4xx_it.c:146:6:SVC_Handler	4	static
stm32f4xx_it.c:159:6:DebugMon_Handler	4	static
stm32f4xx_it.c:172:6:PendSV_Handler	4	static
stm32f4xx_it.c:185:6:SysTick_Handler	8	static
stm32f4xx_it.c:206:6:DMA1_Stream5_IRQHandler	8	static
stm32f4xx_it.c:220:6:DMA1_Stream6_IRQHandler	8	static
stm32f4xx_it.c:234:6:EXTI9_5_IRQHandler	8	static
stm32f4xx_it.c:251:6:EXTI15_10_IRQHandler	8	static
stm32f4xx_it.c:266:6:DMA2_Stream2_IRQHandler	8	static
